>>> AUD_CAD M15
  req#10: candles=4619 new_written=4619 total=49619 last=2026-05-01T20:45:00.000000000Z
  req#11: empty page; advancing cursor by 5000 bars
DONE: requests=11 candles_written=49619 -> data\candles_AUD_CAD_M15_730d_BA.jsonl
>>> AUD_JPY M15
  req#10: candles=4618 new_written=4618 total=49618 last=2026-05-01T20:45:00.000000000Z
  req#11: empty page; advancing cursor by 5000 bars
DONE: requests=11 candles_written=49618 -> data\candles_AUD_JPY_M15_730d_BA.jsonl
>>> AUD_NZD M15
  req#10: candles=4611 new_written=4611 total=49611 last=2026-05-01T20:45:00.000000000Z
  req#11: empty page; advancing cursor by 5000 bars
DONE: requests=11 candles_written=49611 -> data\candles_AUD_NZD_M15_730d_BA.jsonl
>>> AUD_USD M15
  req#10: candles=4622 new_written=4622 total=49622 last=2026-05-01T20:45:00.000000000Z
  req#11: empty page; advancing cursor by 5000 bars
DONE: requests=11 candles_written=49622 -> data\candles_AUD_USD_M15_730d_BA.jsonl
>>> CHF_JPY M15
  req#10: candles=4498 new_written=4498 total=49498 last=2026-05-01T20:45:00.000000000Z
  req#11: empty page; advancing cursor by 5000 bars
DONE: requests=11 candles_written=49498 -> data\candles_CHF_JPY_M15_730d_BA.jsonl
>>> EUR_AUD M15
  req#10: candles=4617 new_written=4617 total=49617 last=2026-05-01T20:45:00.000000000Z
  req#11: empty page; advancing cursor by 5000 bars
DONE: requests=11 candles_written=49617 -> data\candles_EUR_AUD_M15_730d_BA.jsonl
>>> EUR_CAD M15
  req#10: candles=4622 new_written=4622 total=49622 last=2026-05-01T20:45:00.000000000Z
  req#11: empty page; advancing cursor by 5000 bars
DONE: requests=11 candles_written=49622 -> data\candles_EUR_CAD_M15_730d_BA.jsonl
>>> EUR_CHF M15
  req#10: candles=4617 new_written=4617 total=49617 last=2026-05-01T20:45:00.000000000Z
  req#11: empty page; advancing cursor by 5000 bars
DONE: requests=11 candles_written=49617 -> data\candles_EUR_CHF_M15_730d_BA.jsonl
>>> EUR_GBP M15
  req#10: candles=4620 new_written=4620 total=49620 last=2026-05-01T20:45:00.000000000Z
  req#11: empty page; advancing cursor by 5000 bars
DONE: requests=11 candles_written=49620 -> data\candles_EUR_GBP_M15_730d_BA.jsonl
>>> EUR_JPY M15
  req#10: candles=4618 new_written=4618 total=49618 last=2026-05-01T20:45:00.000000000Z
  req#11: empty page; advancing cursor by 5000 bars
DONE: requests=11 candles_written=49618 -> data\candles_EUR_JPY_M15_730d_BA.jsonl
>>> EUR_USD M15
  req#10: candles=4622 new_written=4622 total=49622 last=2026-05-01T20:45:00.000000000Z
  req#11: empty page; advancing cursor by 5000 bars
DONE: requests=11 candles_written=49622 -> data\candles_EUR_USD_M15_730d_BA.jsonl
>>> GBP_AUD M15
  req#10: candles=4613 new_written=4613 total=49613 last=2026-05-01T20:45:00.000000000Z
  req#11: empty page; advancing cursor by 5000 bars
DONE: requests=11 candles_written=49613 -> data\candles_GBP_AUD_M15_730d_BA.jsonl
>>> GBP_CHF M15
  req#10: candles=4575 new_written=4575 total=49575 last=2026-05-01T20:45:00.000000000Z
  req#11: empty page; advancing cursor by 5000 bars
DONE: requests=11 candles_written=49575 -> data\candles_GBP_CHF_M15_730d_BA.jsonl
>>> GBP_JPY M15
  req#10: candles=4617 new_written=4617 total=49617 last=2026-05-01T20:45:00.000000000Z
  req#11: empty page; advancing cursor by 5000 bars
DONE: requests=11 candles_written=49617 -> data\candles_GBP_JPY_M15_730d_BA.jsonl
>>> GBP_USD M15
  req#10: candles=4619 new_written=4619 total=49619 last=2026-05-01T20:45:00.000000000Z
  req#11: empty page; advancing cursor by 5000 bars
DONE: requests=11 candles_written=49619 -> data\candles_GBP_USD_M15_730d_BA.jsonl
>>> NZD_JPY M15
  req#10: candles=4598 new_written=4598 total=49598 last=2026-05-01T20:45:00.000000000Z
  req#11: empty page; advancing cursor by 5000 bars
DONE: requests=11 candles_written=49598 -> data\candles_NZD_JPY_M15_730d_BA.jsonl
>>> NZD_USD M15
  req#10: candles=4620 new_written=4620 total=49620 last=2026-05-01T20:45:00.000000000Z
  req#11: empty page; advancing cursor by 5000 bars
DONE: requests=11 candles_written=49620 -> data\candles_NZD_USD_M15_730d_BA.jsonl
>>> USD_CAD M15
  req#10: candles=4622 new_written=4622 total=49622 last=2026-05-01T20:45:00.000000000Z
  req#11: empty page; advancing cursor by 5000 bars
DONE: requests=11 candles_written=49622 -> data\candles_USD_CAD_M15_730d_BA.jsonl
>>> USD_CHF M15
  req#10: candles=4619 new_written=4619 total=49619 last=2026-05-01T20:45:00.000000000Z
  req#11: empty page; advancing cursor by 5000 bars
DONE: requests=11 candles_written=49619 -> data\candles_USD_CHF_M15_730d_BA.jsonl
>>> USD_JPY M15
  req#10: candles=4622 new_written=4622 total=49622 last=2026-05-01T20:45:00.000000000Z
  req#11: empty page; advancing cursor by 5000 bars
DONE: requests=11 candles_written=49622 -> data\candles_USD_JPY_M15_730d_BA.jsonl
