>>> AUD_CAD M15 1825d
  req#26: empty page; advancing cursor by 5000 bars
DONE: requests=26 candles_written=124457 -> data\candles_AUD_CAD_M15_1825d_BA.jsonl
>>> AUD_JPY M15 1825d
  req#26: empty page; advancing cursor by 5000 bars
DONE: requests=26 candles_written=124497 -> data\candles_AUD_JPY_M15_1825d_BA.jsonl
>>> AUD_NZD M15 1825d
  req#26: empty page; advancing cursor by 5000 bars
DONE: requests=26 candles_written=124416 -> data\candles_AUD_NZD_M15_1825d_BA.jsonl
>>> AUD_USD M15 1825d
  req#26: empty page; advancing cursor by 5000 bars
DONE: requests=26 candles_written=124412 -> data\candles_AUD_USD_M15_1825d_BA.jsonl
>>> CHF_JPY M15 1825d
  req#26: empty page; advancing cursor by 5000 bars
DONE: requests=26 candles_written=124248 -> data\candles_CHF_JPY_M15_1825d_BA.jsonl
>>> EUR_AUD M15 1825d
  req#26: empty page; advancing cursor by 5000 bars
DONE: requests=26 candles_written=124434 -> data\candles_EUR_AUD_M15_1825d_BA.jsonl
>>> EUR_CAD M15 1825d
  req#26: empty page; advancing cursor by 5000 bars
DONE: requests=26 candles_written=124455 -> data\candles_EUR_CAD_M15_1825d_BA.jsonl
>>> EUR_CHF M15 1825d
  req#26: empty page; advancing cursor by 5000 bars
DONE: requests=26 candles_written=124434 -> data\candles_EUR_CHF_M15_1825d_BA.jsonl
>>> EUR_GBP M15 1825d
  req#26: empty page; advancing cursor by 5000 bars
DONE: requests=26 candles_written=124445 -> data\candles_EUR_GBP_M15_1825d_BA.jsonl
>>> EUR_JPY M15 1825d
  req#26: empty page; advancing cursor by 5000 bars
DONE: requests=26 candles_written=124422 -> data\candles_EUR_JPY_M15_1825d_BA.jsonl
>>> EUR_USD M15 1825d
  req#26: empty page; advancing cursor by 5000 bars
DONE: requests=26 candles_written=124456 -> data\candles_EUR_USD_M15_1825d_BA.jsonl
>>> GBP_AUD M15 1825d
  req#26: empty page; advancing cursor by 5000 bars
DONE: requests=26 candles_written=124387 -> data\candles_GBP_AUD_M15_1825d_BA.jsonl
>>> GBP_CHF M15 1825d
  req#26: empty page; advancing cursor by 5000 bars
DONE: requests=26 candles_written=124311 -> data\candles_GBP_CHF_M15_1825d_BA.jsonl
>>> GBP_JPY M15 1825d
  req#26: empty page; advancing cursor by 5000 bars
DONE: requests=26 candles_written=124462 -> data\candles_GBP_JPY_M15_1825d_BA.jsonl
>>> GBP_USD M15 1825d
  req#26: empty page; advancing cursor by 5000 bars
DONE: requests=26 candles_written=124450 -> data\candles_GBP_USD_M15_1825d_BA.jsonl
>>> NZD_JPY M15 1825d
  req#26: empty page; advancing cursor by 5000 bars
DONE: requests=26 candles_written=124423 -> data\candles_NZD_JPY_M15_1825d_BA.jsonl
>>> NZD_USD M15 1825d
  req#26: empty page; advancing cursor by 5000 bars
DONE: requests=26 candles_written=124427 -> data\candles_NZD_USD_M15_1825d_BA.jsonl
>>> USD_CAD M15 1825d
  req#26: empty page; advancing cursor by 5000 bars
DONE: requests=26 candles_written=124458 -> data\candles_USD_CAD_M15_1825d_BA.jsonl
>>> USD_CHF M15 1825d
  req#26: empty page; advancing cursor by 5000 bars
DONE: requests=26 candles_written=124348 -> data\candles_USD_CHF_M15_1825d_BA.jsonl
>>> USD_JPY M15 1825d
  req#26: empty page; advancing cursor by 5000 bars
DONE: requests=26 candles_written=124461 -> data\candles_USD_JPY_M15_1825d_BA.jsonl
