>>> AUD_CAD M5
  req#30: candles=3720 new_written=3720 total=148720 last=2026-05-01T20:55:00.000000000Z
  req#31: empty page; advancing cursor by 5000 bars
DONE: requests=31 candles_written=148720 -> data\candles_AUD_CAD_M5_730d_BA.jsonl
>>> AUD_JPY M5
  req#30: candles=3812 new_written=3812 total=148812 last=2026-05-01T20:55:00.000000000Z
  req#31: empty page; advancing cursor by 5000 bars
DONE: requests=31 candles_written=148812 -> data\candles_AUD_JPY_M5_730d_BA.jsonl
>>> AUD_NZD M5
  req#30: candles=3747 new_written=3747 total=148747 last=2026-05-01T20:55:00.000000000Z
  req#31: empty page; advancing cursor by 5000 bars
DONE: requests=31 candles_written=148747 -> data\candles_AUD_NZD_M5_730d_BA.jsonl
>>> AUD_USD M5
  req#30: candles=3812 new_written=3812 total=148812 last=2026-05-01T20:55:00.000000000Z
  req#31: empty page; advancing cursor by 5000 bars
DONE: requests=31 candles_written=148812 -> data\candles_AUD_USD_M5_730d_BA.jsonl
>>> CHF_JPY M5
  req#30: candles=3061 new_written=3061 total=148061 last=2026-05-01T20:55:00.000000000Z
  req#31: empty page; advancing cursor by 5000 bars
DONE: requests=31 candles_written=148061 -> data\candles_CHF_JPY_M5_730d_BA.jsonl
>>> EUR_AUD M5
  req#30: candles=3826 new_written=3826 total=148826 last=2026-05-01T20:55:00.000000000Z
  req#31: empty page; advancing cursor by 5000 bars
DONE: requests=31 candles_written=148826 -> data\candles_EUR_AUD_M5_730d_BA.jsonl
>>> EUR_CAD M5
  req#30: candles=3841 new_written=3841 total=148841 last=2026-05-01T20:55:00.000000000Z
  req#31: empty page; advancing cursor by 5000 bars
DONE: requests=31 candles_written=148841 -> data\candles_EUR_CAD_M5_730d_BA.jsonl
>>> EUR_CHF M5
  req#30: candles=3730 new_written=3730 total=148730 last=2026-05-01T20:55:00.000000000Z
  req#31: empty page; advancing cursor by 5000 bars
DONE: requests=31 candles_written=148730 -> data\candles_EUR_CHF_M5_730d_BA.jsonl
>>> EUR_GBP M5
  req#30: candles=3816 new_written=3816 total=148816 last=2026-05-01T20:55:00.000000000Z
  req#31: empty page; advancing cursor by 5000 bars
DONE: requests=31 candles_written=148816 -> data\candles_EUR_GBP_M5_730d_BA.jsonl
>>> EUR_JPY M5
  req#30: candles=3796 new_written=3796 total=148796 last=2026-05-01T20:55:00.000000000Z
  req#31: empty page; advancing cursor by 5000 bars
DONE: requests=31 candles_written=148796 -> data\candles_EUR_JPY_M5_730d_BA.jsonl
>>> EUR_USD M5
  req#30: candles=3845 new_written=3845 total=148845 last=2026-05-01T20:55:00.000000000Z
  req#31: empty page; advancing cursor by 5000 bars
DONE: requests=31 candles_written=148845 -> data\candles_EUR_USD_M5_730d_BA.jsonl
>>> GBP_AUD M5
  req#30: candles=3731 new_written=3731 total=148731 last=2026-05-01T20:55:00.000000000Z
  req#31: empty page; advancing cursor by 5000 bars
DONE: requests=31 candles_written=148731 -> data\candles_GBP_AUD_M5_730d_BA.jsonl
>>> GBP_CHF M5
  req#30: candles=3477 new_written=3477 total=148477 last=2026-05-01T20:55:00.000000000Z
  req#31: empty page; advancing cursor by 5000 bars
DONE: requests=31 candles_written=148477 -> data\candles_GBP_CHF_M5_730d_BA.jsonl
>>> GBP_JPY M5
  req#30: candles=3809 new_written=3809 total=148809 last=2026-05-01T20:55:00.000000000Z
  req#31: empty page; advancing cursor by 5000 bars
DONE: requests=31 candles_written=148809 -> data\candles_GBP_JPY_M5_730d_BA.jsonl
>>> GBP_USD M5
  req#30: candles=3805 new_written=3805 total=148805 last=2026-05-01T20:55:00.000000000Z
  req#31: empty page; advancing cursor by 5000 bars
DONE: requests=31 candles_written=148805 -> data\candles_GBP_USD_M5_730d_BA.jsonl
>>> NZD_JPY M5
  req#30: candles=3640 new_written=3640 total=148640 last=2026-05-01T20:55:00.000000000Z
  req#31: empty page; advancing cursor by 5000 bars
DONE: requests=31 candles_written=148640 -> data\candles_NZD_JPY_M5_730d_BA.jsonl
>>> NZD_USD M5
  req#30: candles=3798 new_written=3798 total=148798 last=2026-05-01T20:55:00.000000000Z
  req#31: empty page; advancing cursor by 5000 bars
DONE: requests=31 candles_written=148798 -> data\candles_NZD_USD_M5_730d_BA.jsonl
>>> USD_CAD M5
  req#30: candles=3825 new_written=3825 total=148825 last=2026-05-01T20:55:00.000000000Z
  req#31: empty page; advancing cursor by 5000 bars
DONE: requests=31 candles_written=148825 -> data\candles_USD_CAD_M5_730d_BA.jsonl
>>> USD_CHF M5
  req#30: candles=3752 new_written=3752 total=148752 last=2026-05-01T20:55:00.000000000Z
  req#31: empty page; advancing cursor by 5000 bars
DONE: requests=31 candles_written=148752 -> data\candles_USD_CHF_M5_730d_BA.jsonl
>>> USD_JPY M5
  req#30: candles=3804 new_written=3804 total=148804 last=2026-05-01T20:55:00.000000000Z
  req#31: empty page; advancing cursor by 5000 bars
DONE: requests=31 candles_written=148804 -> data\candles_USD_JPY_M5_730d_BA.jsonl
