>>> AUD_CAD M5 1825d
  req#76: empty page; advancing cursor by 5000 bars
DONE: requests=76 candles_written=373106 -> data\candles_AUD_CAD_M5_1825d_BA.jsonl
>>> AUD_JPY M5 1825d
  req#76: empty page; advancing cursor by 5000 bars
DONE: requests=76 candles_written=373374 -> data\candles_AUD_JPY_M5_1825d_BA.jsonl
>>> AUD_NZD M5 1825d
  req#76: empty page; advancing cursor by 5000 bars
DONE: requests=76 candles_written=372844 -> data\candles_AUD_NZD_M5_1825d_BA.jsonl
>>> AUD_USD M5 1825d
  req#76: empty page; advancing cursor by 5000 bars
DONE: requests=76 candles_written=372626 -> data\candles_AUD_USD_M5_1825d_BA.jsonl
>>> CHF_JPY M5 1825d
  req#76: empty page; advancing cursor by 5000 bars
DONE: requests=76 candles_written=371837 -> data\candles_CHF_JPY_M5_1825d_BA.jsonl
>>> EUR_AUD M5 1825d
  req#76: empty page; advancing cursor by 5000 bars
DONE: requests=76 candles_written=373062 -> data\candles_EUR_AUD_M5_1825d_BA.jsonl
>>> EUR_CAD M5 1825d
  req#76: empty page; advancing cursor by 5000 bars
DONE: requests=76 candles_written=373163 -> data\candles_EUR_CAD_M5_1825d_BA.jsonl
>>> EUR_CHF M5 1825d
  req#76: empty page; advancing cursor by 5000 bars
DONE: requests=76 candles_written=372452 -> data\candles_EUR_CHF_M5_1825d_BA.jsonl
>>> EUR_GBP M5 1825d
  req#76: empty page; advancing cursor by 5000 bars
DONE: requests=76 candles_written=372954 -> data\candles_EUR_GBP_M5_1825d_BA.jsonl
>>> EUR_JPY M5 1825d
  req#76: empty page; advancing cursor by 5000 bars
DONE: requests=76 candles_written=372929 -> data\candles_EUR_JPY_M5_1825d_BA.jsonl
>>> EUR_USD M5 1825d
  req#76: empty page; advancing cursor by 5000 bars
DONE: requests=76 candles_written=373001 -> data\candles_EUR_USD_M5_1825d_BA.jsonl
>>> GBP_AUD M5 1825d
  req#76: empty page; advancing cursor by 5000 bars
DONE: requests=76 candles_written=372848 -> data\candles_GBP_AUD_M5_1825d_BA.jsonl
>>> GBP_CHF M5 1825d
  req#76: empty page; advancing cursor by 5000 bars
DONE: requests=76 candles_written=372098 -> data\candles_GBP_CHF_M5_1825d_BA.jsonl
>>> GBP_JPY M5 1825d
  req#76: empty page; advancing cursor by 5000 bars
DONE: requests=76 candles_written=373218 -> data\candles_GBP_JPY_M5_1825d_BA.jsonl
>>> GBP_USD M5 1825d
  req#76: empty page; advancing cursor by 5000 bars
DONE: requests=76 candles_written=372849 -> data\candles_GBP_USD_M5_1825d_BA.jsonl
>>> NZD_JPY M5 1825d
  req#76: empty page; advancing cursor by 5000 bars
DONE: requests=76 candles_written=372949 -> data\candles_NZD_JPY_M5_1825d_BA.jsonl
>>> NZD_USD M5 1825d
  req#76: empty page; advancing cursor by 5000 bars
DONE: requests=76 candles_written=372589 -> data\candles_NZD_USD_M5_1825d_BA.jsonl
>>> USD_CAD M5 1825d
  req#76: empty page; advancing cursor by 5000 bars
DONE: requests=76 candles_written=372895 -> data\candles_USD_CAD_M5_1825d_BA.jsonl
>>> USD_CHF M5 1825d
  req#76: empty page; advancing cursor by 5000 bars
DONE: requests=76 candles_written=370898 -> data\candles_USD_CHF_M5_1825d_BA.jsonl
>>> USD_JPY M5 1825d
  req#76: empty page; advancing cursor by 5000 bars
DONE: requests=76 candles_written=373013 -> data\candles_USD_JPY_M5_1825d_BA.jsonl
