Loading + features ...
  EUR_USD: 740,264 bars
  USD_JPY: 740,393 bars
  EUR_JPY: 740,735 bars

Fold: train [2025-01-30->2026-01-30] test [2026-01-30->2026-04-30]

Training V2 models (multi + no class_weight) ...
C:\Users\yukik\fx-ai-trading\.venv\Lib\site-packages\sklearn\utils\validation.py:2691: UserWarning: X does not have valid feature names, but LGBMClassifier was fitted with feature names
  warnings.warn(
C:\Users\yukik\fx-ai-trading\.venv\Lib\site-packages\sklearn\utils\validation.py:2691: UserWarning: X does not have valid feature names, but LGBMClassifier was fitted with feature names
  warnings.warn(
C:\Users\yukik\fx-ai-trading\.venv\Lib\site-packages\sklearn\utils\validation.py:2691: UserWarning: X does not have valid feature names, but LGBMClassifier was fitted with feature names
  warnings.warn(
C:\Users\yukik\fx-ai-trading\.venv\Lib\site-packages\sklearn\utils\validation.py:2691: UserWarning: X does not have valid feature names, but LGBMClassifier was fitted with feature names
  warnings.warn(
C:\Users\yukik\fx-ai-trading\.venv\Lib\site-packages\sklearn\utils\validation.py:2691: UserWarning: X does not have valid feature names, but LGBMClassifier was fitted with feature names
  warnings.warn(
C:\Users\yukik\fx-ai-trading\.venv\Lib\site-packages\sklearn\utils\validation.py:2691: UserWarning: X does not have valid feature names, but LGBMClassifier was fitted with feature names
  warnings.warn(

=== Probability distribution per pair ===

  [EUR_USD] n_test_bars=36,858
    p_long  : mean=0.139  median=0.134  max=0.474  p99=0.331
    p_short : mean=0.138  median=0.132  max=0.545  p99=0.341
    conf_thr >= 0.40 通過: 160 (0.43%)
    p_long >= 0.40 のみ : 30
    p_short >= 0.40 のみ: 130
    threshold >= 0.20: 9,329 bars (25.31%)
    threshold >= 0.25: 4,035 bars (10.95%)
    threshold >= 0.30: 1,527 bars (4.14%)
    threshold >= 0.35: 511 bars (1.39%)
    threshold >= 0.40: 160 bars (0.43%)
    threshold >= 0.45: 42 bars (0.11%)
    threshold >= 0.50: 7 bars (0.02%)

  [USD_JPY] n_test_bars=61,849
    p_long  : mean=0.150  median=0.147  max=0.458  p99=0.293
    p_short : mean=0.182  median=0.180  max=0.499  p99=0.384
    conf_thr >= 0.40 通過: 409 (0.66%)
    p_long >= 0.40 のみ : 10
    p_short >= 0.40 のみ: 399
    threshold >= 0.20: 27,062 bars (43.75%)
    threshold >= 0.25: 12,608 bars (20.39%)
    threshold >= 0.30: 4,363 bars (7.05%)
    threshold >= 0.35: 1,377 bars (2.23%)
    threshold >= 0.40: 409 bars (0.66%)
    threshold >= 0.45: 50 bars (0.08%)
    threshold >= 0.50: 0 bars (0.00%)

  [EUR_JPY] n_test_bars=33,049
    p_long  : mean=0.102  median=0.092  max=0.446  p99=0.262
    p_short : mean=0.097  median=0.088  max=0.392  p99=0.240
    conf_thr >= 0.40 通過: 4 (0.01%)
    p_long >= 0.40 のみ : 4
    p_short >= 0.40 のみ: 0
    threshold >= 0.20: 2,897 bars (8.77%)
    threshold >= 0.25: 749 bars (2.27%)
    threshold >= 0.30: 130 bars (0.39%)
    threshold >= 0.35: 22 bars (0.07%)
    threshold >= 0.40: 4 bars (0.01%)
    threshold >= 0.45: 0 bars (0.00%)
    threshold >= 0.50: 0 bars (0.00%)


=== V1 (multi + class_weight=balanced) for comparison ===

  [EUR_USD] n_test_bars=36,858
    p_long  : mean=0.302  median=0.303  max=0.684  p99=0.534
    p_short : mean=0.314  median=0.314  max=0.819  p99=0.545
    conf_thr >= 0.40 通過: 10,669 (28.95%)

  [USD_JPY] n_test_bars=61,849
    p_long  : mean=0.278  median=0.280  max=0.643  p99=0.435
    p_short : mean=0.325  median=0.331  max=0.693  p99=0.524
    conf_thr >= 0.40 通過: 13,070 (21.13%)

  [EUR_JPY] n_test_bars=33,049
    p_long  : mean=0.261  median=0.256  max=0.687  p99=0.491
    p_short : mean=0.261  median=0.258  max=0.647  p99=0.476
    conf_thr >= 0.40 通過: 4,298 (13.00%)
