Loading candle data ...
  AUD_CAD: 732,062 bars
  AUD_JPY: 741,663 bars
  AUD_NZD: 738,189 bars
  AUD_USD: 737,087 bars
  CHF_JPY: 735,552 bars
  EUR_AUD: 741,957 bars
  EUR_CAD: 740,629 bars
  EUR_CHF: 737,398 bars
  EUR_GBP: 734,979 bars
  EUR_JPY: 740,735 bars
  EUR_USD: 740,264 bars
  GBP_AUD: 740,045 bars
  GBP_CHF: 736,762 bars
  GBP_JPY: 742,493 bars
  GBP_USD: 740,908 bars
  NZD_JPY: 736,025 bars
  NZD_USD: 735,593 bars
  USD_CAD: 739,566 bars
  USD_CHF: 737,060 bars
  USD_JPY: 740,393 bars

=== Phase 1: Generating candidates ===
  Fold 1: train 2024-04-30 -> 2025-04-30  test -> 2025-07-29
C:\Users\yukik\fx-ai-trading\.venv\Lib\site-packages\lightgbm\basic.py:2137: UserWarning: categorical_feature keyword has been found in `params` and will be ignored.
Please use categorical_feature argument of the Dataset constructor to pass this parameter.
  _log_warning(
    Computing CSI matrix ... done
C:\Users\yukik\fx-ai-trading\.venv\Lib\site-packages\sklearn\utils\validation.py:2691: UserWarning: X does not have valid feature names, but LGBMClassifier was fitted with feature names
  warnings.warn(
C:\Users\yukik\fx-ai-trading\.venv\Lib\site-packages\sklearn\utils\validation.py:2691: UserWarning: X does not have valid feature names, but LGBMClassifier was fitted with feature names
  warnings.warn(
C:\Users\yukik\fx-ai-trading\.venv\Lib\site-packages\sklearn\utils\validation.py:2691: UserWarning: X does not have valid feature names, but LGBMClassifier was fitted with feature names
  warnings.warn(
C:\Users\yukik\fx-ai-trading\.venv\Lib\site-packages\sklearn\utils\validation.py:2691: UserWarning: X does not have valid feature names, but LGBMClassifier was fitted with feature names
  warnings.warn(
C:\Users\yukik\fx-ai-trading\.venv\Lib\site-packages\sklearn\utils\validation.py:2691: UserWarning: X does not have valid feature names, but LGBMClassifier was fitted with feature names
  warnings.warn(
C:\Users\yukik\fx-ai-trading\.venv\Lib\site-packages\sklearn\utils\validation.py:2691: UserWarning: X does not have valid feature names, but LGBMClassifier was fitted with feature names
  warnings.warn(
C:\Users\yukik\fx-ai-trading\.venv\Lib\site-packages\sklearn\utils\validation.py:2691: UserWarning: X does not have valid feature names, but LGBMClassifier was fitted with feature names
  warnings.warn(
C:\Users\yukik\fx-ai-trading\.venv\Lib\site-packages\sklearn\utils\validation.py:2691: UserWarning: X does not have valid feature names, but LGBMClassifier was fitted with feature names
  warnings.warn(
C:\Users\yukik\fx-ai-trading\.venv\Lib\site-packages\sklearn\utils\validation.py:2691: UserWarning: X does not have valid feature names, but LGBMClassifier was fitted with feature names
  warnings.warn(
C:\Users\yukik\fx-ai-trading\.venv\Lib\site-packages\sklearn\utils\validation.py:2691: UserWarning: X does not have valid feature names, but LGBMClassifier was fitted with feature names
  warnings.warn(
C:\Users\yukik\fx-ai-trading\.venv\Lib\site-packages\sklearn\utils\validation.py:2691: UserWarning: X does not have valid feature names, but LGBMClassifier was fitted with feature names
  warnings.warn(
C:\Users\yukik\fx-ai-trading\.venv\Lib\site-packages\sklearn\utils\validation.py:2691: UserWarning: X does not have valid feature names, but LGBMClassifier was fitted with feature names
  warnings.warn(
C:\Users\yukik\fx-ai-trading\.venv\Lib\site-packages\sklearn\utils\validation.py:2691: UserWarning: X does not have valid feature names, but LGBMClassifier was fitted with feature names
  warnings.warn(
C:\Users\yukik\fx-ai-trading\.venv\Lib\site-packages\sklearn\utils\validation.py:2691: UserWarning: X does not have valid feature names, but LGBMClassifier was fitted with feature names
  warnings.warn(
C:\Users\yukik\fx-ai-trading\.venv\Lib\site-packages\sklearn\utils\validation.py:2691: UserWarning: X does not have valid feature names, but LGBMClassifier was fitted with feature names
  warnings.warn(
C:\Users\yukik\fx-ai-trading\.venv\Lib\site-packages\sklearn\utils\validation.py:2691: UserWarning: X does not have valid feature names, but LGBMClassifier was fitted with feature names
  warnings.warn(
C:\Users\yukik\fx-ai-trading\.venv\Lib\site-packages\sklearn\utils\validation.py:2691: UserWarning: X does not have valid feature names, but LGBMClassifier was fitted with feature names
  warnings.warn(
C:\Users\yukik\fx-ai-trading\.venv\Lib\site-packages\sklearn\utils\validation.py:2691: UserWarning: X does not have valid feature names, but LGBMClassifier was fitted with feature names
  warnings.warn(
C:\Users\yukik\fx-ai-trading\.venv\Lib\site-packages\sklearn\utils\validation.py:2691: UserWarning: X does not have valid feature names, but LGBMClassifier was fitted with feature names
  warnings.warn(
C:\Users\yukik\fx-ai-trading\.venv\Lib\site-packages\sklearn\utils\validation.py:2691: UserWarning: X does not have valid feature names, but LGBMClassifier was fitted with feature names
  warnings.warn(
  Fold 2: train 2024-07-29 -> 2025-07-29  test -> 2025-10-27
C:\Users\yukik\fx-ai-trading\.venv\Lib\site-packages\lightgbm\basic.py:2137: UserWarning: categorical_feature keyword has been found in `params` and will be ignored.
Please use categorical_feature argument of the Dataset constructor to pass this parameter.
  _log_warning(
    Computing CSI matrix ... done
C:\Users\yukik\fx-ai-trading\.venv\Lib\site-packages\sklearn\utils\validation.py:2691: UserWarning: X does not have valid feature names, but LGBMClassifier was fitted with feature names
  warnings.warn(
C:\Users\yukik\fx-ai-trading\.venv\Lib\site-packages\sklearn\utils\validation.py:2691: UserWarning: X does not have valid feature names, but LGBMClassifier was fitted with feature names
  warnings.warn(
C:\Users\yukik\fx-ai-trading\.venv\Lib\site-packages\sklearn\utils\validation.py:2691: UserWarning: X does not have valid feature names, but LGBMClassifier was fitted with feature names
  warnings.warn(
C:\Users\yukik\fx-ai-trading\.venv\Lib\site-packages\sklearn\utils\validation.py:2691: UserWarning: X does not have valid feature names, but LGBMClassifier was fitted with feature names
  warnings.warn(
C:\Users\yukik\fx-ai-trading\.venv\Lib\site-packages\sklearn\utils\validation.py:2691: UserWarning: X does not have valid feature names, but LGBMClassifier was fitted with feature names
  warnings.warn(
C:\Users\yukik\fx-ai-trading\.venv\Lib\site-packages\sklearn\utils\validation.py:2691: UserWarning: X does not have valid feature names, but LGBMClassifier was fitted with feature names
  warnings.warn(
C:\Users\yukik\fx-ai-trading\.venv\Lib\site-packages\sklearn\utils\validation.py:2691: UserWarning: X does not have valid feature names, but LGBMClassifier was fitted with feature names
  warnings.warn(
C:\Users\yukik\fx-ai-trading\.venv\Lib\site-packages\sklearn\utils\validation.py:2691: UserWarning: X does not have valid feature names, but LGBMClassifier was fitted with feature names
  warnings.warn(
C:\Users\yukik\fx-ai-trading\.venv\Lib\site-packages\sklearn\utils\validation.py:2691: UserWarning: X does not have valid feature names, but LGBMClassifier was fitted with feature names
  warnings.warn(
C:\Users\yukik\fx-ai-trading\.venv\Lib\site-packages\sklearn\utils\validation.py:2691: UserWarning: X does not have valid feature names, but LGBMClassifier was fitted with feature names
  warnings.warn(
C:\Users\yukik\fx-ai-trading\.venv\Lib\site-packages\sklearn\utils\validation.py:2691: UserWarning: X does not have valid feature names, but LGBMClassifier was fitted with feature names
  warnings.warn(
C:\Users\yukik\fx-ai-trading\.venv\Lib\site-packages\sklearn\utils\validation.py:2691: UserWarning: X does not have valid feature names, but LGBMClassifier was fitted with feature names
  warnings.warn(
C:\Users\yukik\fx-ai-trading\.venv\Lib\site-packages\sklearn\utils\validation.py:2691: UserWarning: X does not have valid feature names, but LGBMClassifier was fitted with feature names
  warnings.warn(
C:\Users\yukik\fx-ai-trading\.venv\Lib\site-packages\sklearn\utils\validation.py:2691: UserWarning: X does not have valid feature names, but LGBMClassifier was fitted with feature names
  warnings.warn(
C:\Users\yukik\fx-ai-trading\.venv\Lib\site-packages\sklearn\utils\validation.py:2691: UserWarning: X does not have valid feature names, but LGBMClassifier was fitted with feature names
  warnings.warn(
C:\Users\yukik\fx-ai-trading\.venv\Lib\site-packages\sklearn\utils\validation.py:2691: UserWarning: X does not have valid feature names, but LGBMClassifier was fitted with feature names
  warnings.warn(
C:\Users\yukik\fx-ai-trading\.venv\Lib\site-packages\sklearn\utils\validation.py:2691: UserWarning: X does not have valid feature names, but LGBMClassifier was fitted with feature names
  warnings.warn(
C:\Users\yukik\fx-ai-trading\.venv\Lib\site-packages\sklearn\utils\validation.py:2691: UserWarning: X does not have valid feature names, but LGBMClassifier was fitted with feature names
  warnings.warn(
C:\Users\yukik\fx-ai-trading\.venv\Lib\site-packages\sklearn\utils\validation.py:2691: UserWarning: X does not have valid feature names, but LGBMClassifier was fitted with feature names
  warnings.warn(
C:\Users\yukik\fx-ai-trading\.venv\Lib\site-packages\sklearn\utils\validation.py:2691: UserWarning: X does not have valid feature names, but LGBMClassifier was fitted with feature names
  warnings.warn(
  Fold 3: train 2024-10-27 -> 2025-10-27  test -> 2026-01-25
C:\Users\yukik\fx-ai-trading\.venv\Lib\site-packages\lightgbm\basic.py:2137: UserWarning: categorical_feature keyword has been found in `params` and will be ignored.
Please use categorical_feature argument of the Dataset constructor to pass this parameter.
  _log_warning(
    Computing CSI matrix ... done
C:\Users\yukik\fx-ai-trading\.venv\Lib\site-packages\sklearn\utils\validation.py:2691: UserWarning: X does not have valid feature names, but LGBMClassifier was fitted with feature names
  warnings.warn(
C:\Users\yukik\fx-ai-trading\.venv\Lib\site-packages\sklearn\utils\validation.py:2691: UserWarning: X does not have valid feature names, but LGBMClassifier was fitted with feature names
  warnings.warn(
C:\Users\yukik\fx-ai-trading\.venv\Lib\site-packages\sklearn\utils\validation.py:2691: UserWarning: X does not have valid feature names, but LGBMClassifier was fitted with feature names
  warnings.warn(
C:\Users\yukik\fx-ai-trading\.venv\Lib\site-packages\sklearn\utils\validation.py:2691: UserWarning: X does not have valid feature names, but LGBMClassifier was fitted with feature names
  warnings.warn(
C:\Users\yukik\fx-ai-trading\.venv\Lib\site-packages\sklearn\utils\validation.py:2691: UserWarning: X does not have valid feature names, but LGBMClassifier was fitted with feature names
  warnings.warn(
C:\Users\yukik\fx-ai-trading\.venv\Lib\site-packages\sklearn\utils\validation.py:2691: UserWarning: X does not have valid feature names, but LGBMClassifier was fitted with feature names
  warnings.warn(
C:\Users\yukik\fx-ai-trading\.venv\Lib\site-packages\sklearn\utils\validation.py:2691: UserWarning: X does not have valid feature names, but LGBMClassifier was fitted with feature names
  warnings.warn(
C:\Users\yukik\fx-ai-trading\.venv\Lib\site-packages\sklearn\utils\validation.py:2691: UserWarning: X does not have valid feature names, but LGBMClassifier was fitted with feature names
  warnings.warn(
C:\Users\yukik\fx-ai-trading\.venv\Lib\site-packages\sklearn\utils\validation.py:2691: UserWarning: X does not have valid feature names, but LGBMClassifier was fitted with feature names
  warnings.warn(
C:\Users\yukik\fx-ai-trading\.venv\Lib\site-packages\sklearn\utils\validation.py:2691: UserWarning: X does not have valid feature names, but LGBMClassifier was fitted with feature names
  warnings.warn(
C:\Users\yukik\fx-ai-trading\.venv\Lib\site-packages\sklearn\utils\validation.py:2691: UserWarning: X does not have valid feature names, but LGBMClassifier was fitted with feature names
  warnings.warn(
C:\Users\yukik\fx-ai-trading\.venv\Lib\site-packages\sklearn\utils\validation.py:2691: UserWarning: X does not have valid feature names, but LGBMClassifier was fitted with feature names
  warnings.warn(
C:\Users\yukik\fx-ai-trading\.venv\Lib\site-packages\sklearn\utils\validation.py:2691: UserWarning: X does not have valid feature names, but LGBMClassifier was fitted with feature names
  warnings.warn(
C:\Users\yukik\fx-ai-trading\.venv\Lib\site-packages\sklearn\utils\validation.py:2691: UserWarning: X does not have valid feature names, but LGBMClassifier was fitted with feature names
  warnings.warn(
C:\Users\yukik\fx-ai-trading\.venv\Lib\site-packages\sklearn\utils\validation.py:2691: UserWarning: X does not have valid feature names, but LGBMClassifier was fitted with feature names
  warnings.warn(
C:\Users\yukik\fx-ai-trading\.venv\Lib\site-packages\sklearn\utils\validation.py:2691: UserWarning: X does not have valid feature names, but LGBMClassifier was fitted with feature names
  warnings.warn(
C:\Users\yukik\fx-ai-trading\.venv\Lib\site-packages\sklearn\utils\validation.py:2691: UserWarning: X does not have valid feature names, but LGBMClassifier was fitted with feature names
  warnings.warn(
C:\Users\yukik\fx-ai-trading\.venv\Lib\site-packages\sklearn\utils\validation.py:2691: UserWarning: X does not have valid feature names, but LGBMClassifier was fitted with feature names
  warnings.warn(
C:\Users\yukik\fx-ai-trading\.venv\Lib\site-packages\sklearn\utils\validation.py:2691: UserWarning: X does not have valid feature names, but LGBMClassifier was fitted with feature names
  warnings.warn(
C:\Users\yukik\fx-ai-trading\.venv\Lib\site-packages\sklearn\utils\validation.py:2691: UserWarning: X does not have valid feature names, but LGBMClassifier was fitted with feature names
  warnings.warn(
  Fold 4: train 2025-01-25 -> 2026-01-25  test -> 2026-04-25
C:\Users\yukik\fx-ai-trading\.venv\Lib\site-packages\lightgbm\basic.py:2137: UserWarning: categorical_feature keyword has been found in `params` and will be ignored.
Please use categorical_feature argument of the Dataset constructor to pass this parameter.
  _log_warning(
    Computing CSI matrix ... done
C:\Users\yukik\fx-ai-trading\.venv\Lib\site-packages\sklearn\utils\validation.py:2691: UserWarning: X does not have valid feature names, but LGBMClassifier was fitted with feature names
  warnings.warn(
C:\Users\yukik\fx-ai-trading\.venv\Lib\site-packages\sklearn\utils\validation.py:2691: UserWarning: X does not have valid feature names, but LGBMClassifier was fitted with feature names
  warnings.warn(
C:\Users\yukik\fx-ai-trading\.venv\Lib\site-packages\sklearn\utils\validation.py:2691: UserWarning: X does not have valid feature names, but LGBMClassifier was fitted with feature names
  warnings.warn(
C:\Users\yukik\fx-ai-trading\.venv\Lib\site-packages\sklearn\utils\validation.py:2691: UserWarning: X does not have valid feature names, but LGBMClassifier was fitted with feature names
  warnings.warn(
C:\Users\yukik\fx-ai-trading\.venv\Lib\site-packages\sklearn\utils\validation.py:2691: UserWarning: X does not have valid feature names, but LGBMClassifier was fitted with feature names
  warnings.warn(
C:\Users\yukik\fx-ai-trading\.venv\Lib\site-packages\sklearn\utils\validation.py:2691: UserWarning: X does not have valid feature names, but LGBMClassifier was fitted with feature names
  warnings.warn(
C:\Users\yukik\fx-ai-trading\.venv\Lib\site-packages\sklearn\utils\validation.py:2691: UserWarning: X does not have valid feature names, but LGBMClassifier was fitted with feature names
  warnings.warn(
C:\Users\yukik\fx-ai-trading\.venv\Lib\site-packages\sklearn\utils\validation.py:2691: UserWarning: X does not have valid feature names, but LGBMClassifier was fitted with feature names
  warnings.warn(
C:\Users\yukik\fx-ai-trading\.venv\Lib\site-packages\sklearn\utils\validation.py:2691: UserWarning: X does not have valid feature names, but LGBMClassifier was fitted with feature names
  warnings.warn(
C:\Users\yukik\fx-ai-trading\.venv\Lib\site-packages\sklearn\utils\validation.py:2691: UserWarning: X does not have valid feature names, but LGBMClassifier was fitted with feature names
  warnings.warn(
C:\Users\yukik\fx-ai-trading\.venv\Lib\site-packages\sklearn\utils\validation.py:2691: UserWarning: X does not have valid feature names, but LGBMClassifier was fitted with feature names
  warnings.warn(
C:\Users\yukik\fx-ai-trading\.venv\Lib\site-packages\sklearn\utils\validation.py:2691: UserWarning: X does not have valid feature names, but LGBMClassifier was fitted with feature names
  warnings.warn(
C:\Users\yukik\fx-ai-trading\.venv\Lib\site-packages\sklearn\utils\validation.py:2691: UserWarning: X does not have valid feature names, but LGBMClassifier was fitted with feature names
  warnings.warn(
C:\Users\yukik\fx-ai-trading\.venv\Lib\site-packages\sklearn\utils\validation.py:2691: UserWarning: X does not have valid feature names, but LGBMClassifier was fitted with feature names
  warnings.warn(
C:\Users\yukik\fx-ai-trading\.venv\Lib\site-packages\sklearn\utils\validation.py:2691: UserWarning: X does not have valid feature names, but LGBMClassifier was fitted with feature names
  warnings.warn(
C:\Users\yukik\fx-ai-trading\.venv\Lib\site-packages\sklearn\utils\validation.py:2691: UserWarning: X does not have valid feature names, but LGBMClassifier was fitted with feature names
  warnings.warn(
C:\Users\yukik\fx-ai-trading\.venv\Lib\site-packages\sklearn\utils\validation.py:2691: UserWarning: X does not have valid feature names, but LGBMClassifier was fitted with feature names
  warnings.warn(
C:\Users\yukik\fx-ai-trading\.venv\Lib\site-packages\sklearn\utils\validation.py:2691: UserWarning: X does not have valid feature names, but LGBMClassifier was fitted with feature names
  warnings.warn(
C:\Users\yukik\fx-ai-trading\.venv\Lib\site-packages\sklearn\utils\validation.py:2691: UserWarning: X does not have valid feature names, but LGBMClassifier was fitted with feature names
  warnings.warn(
C:\Users\yukik\fx-ai-trading\.venv\Lib\site-packages\sklearn\utils\validation.py:2691: UserWarning: X does not have valid feature names, but LGBMClassifier was fitted with feature names
  warnings.warn(
  Total candidates: 87,112

Baseline (87,112 trades):
  PnL=18303.1  Sharpe=0.0919  MaxDD=-95.8

All-block CF PnL=18303.1 (same as Baseline = no filtering is optimal)

=== Phase 2: Parameter sweep ===
  Sweeping 11,520 parameter combinations ...
    2,000/11,520 done ...
    4,000/11,520 done ...
    6,000/11,520 done ...
    8,000/11,520 done ...
    10,000/11,520 done ...

====================================================================================================
Top 20 configurations by Sharpe
====================================================================================================
Baseline: trades=87,112  PnL=18303.1  Sharpe=0.0919  MaxDD=-95.8
====================================================================================================
  # atr_thr slp_thr t_boost  ct_pen  csi_sp c_boost   c_pen      N   blk  Hit%      PnL  Sharpe    MaxDD  dSharpe     dPnL   CF_PnL
--------------------------------------------------------------------------------------------------------------------------------------------
  1     1.5    0.30    1.30    0.85    0.50    1.20    0.80  54567 32545 12.4%  13551.9  0.0985   -108.2  +0.0066  -4751.2  +4751.2
  2     1.5    0.30    1.30    0.85    0.50    1.20    0.90  54567 32545 12.4%  13551.9  0.0985   -108.2  +0.0066  -4751.2  +4751.2
  3     1.5    0.30    1.30    0.85    0.50    1.20    1.00  54567 32545 12.4%  13551.9  0.0985   -108.2  +0.0066  -4751.2  +4751.2
  4     1.5    0.30    1.30    0.85     OFF    1.00    0.80  54567 32545 12.4%  13551.9  0.0985   -108.2  +0.0066  -4751.2  +4751.2
  5     1.5    0.30    1.30    0.85     OFF    1.10    1.00  54567 32545 12.4%  13551.9  0.0985   -108.2  +0.0066  -4751.2  +4751.2
  6     1.5    0.30    1.30    0.85     OFF    1.20    0.80  54567 32545 12.4%  13551.9  0.0985   -108.2  +0.0066  -4751.2  +4751.2
  7     1.5    0.30    1.30    0.85     OFF    1.20    0.90  54567 32545 12.4%  13551.9  0.0985   -108.2  +0.0066  -4751.2  +4751.2
  8     1.5    0.30    1.30    0.85     OFF    1.20    1.00  54567 32545 12.4%  13551.9  0.0985   -108.2  +0.0066  -4751.2  +4751.2
  9     1.5    0.30    1.30    0.85    0.20    1.20    1.00  54567 32545 12.4%  13551.9  0.0985   -108.2  +0.0066  -4751.2  +4751.2
 10     1.5    0.30    1.30    0.85    0.30    1.00    0.80  54567 32545 12.4%  13551.9  0.0985   -108.2  +0.0066  -4751.2  +4751.2
 11     1.5    0.30    1.30    0.85    0.30    1.00    0.90  54567 32545 12.4%  13551.9  0.0985   -108.2  +0.0066  -4751.2  +4751.2
 12     1.5    0.30    1.30    0.85    0.30    1.00    1.00  54567 32545 12.4%  13551.9  0.0985   -108.2  +0.0066  -4751.2  +4751.2
 13     1.5    0.30    1.30    0.85    0.30    1.10    0.80  54567 32545 12.4%  13551.9  0.0985   -108.2  +0.0066  -4751.2  +4751.2
 14     1.5    0.30    1.30    0.85    0.30    1.10    0.90  54567 32545 12.4%  13551.9  0.0985   -108.2  +0.0066  -4751.2  +4751.2
 15     1.5    0.30    1.30    0.85    0.30    1.10    1.00  54567 32545 12.4%  13551.9  0.0985   -108.2  +0.0066  -4751.2  +4751.2
 16     1.5    0.30    1.30    0.85    0.30    1.20    0.80  54567 32545 12.4%  13551.9  0.0985   -108.2  +0.0066  -4751.2  +4751.2
 17     OFF    0.30    1.30    0.85     OFF    1.10    1.00  59350 27762 12.2%  14822.4  0.0985   -120.8  +0.0066  -3480.7  +3480.7
 18     OFF    0.30    1.30    0.85     OFF    1.20    0.80  59350 27762 12.2%  14822.4  0.0985   -120.8  +0.0066  -3480.7  +3480.7
 19     OFF    0.30    1.30    0.85     OFF    1.20    0.90  59350 27762 12.2%  14822.4  0.0985   -120.8  +0.0066  -3480.7  +3480.7
 20     OFF    0.30    1.30    0.85     OFF    1.20    1.00  59350 27762 12.2%  14822.4  0.0985   -120.8  +0.0066  -3480.7  +3480.7

============================================================
Counterfactual PnL analysis (blocked trades)
============================================================
CF_PnL > 0 : ブロックされたトレードが利益を出していた (ゲートが裏目)
CF_PnL < 0 : ブロックされたトレードが損失を出していた (ゲートが正解)

ゲート効果が最も高い設定 (CF_PnL 最小 = ブロックが正解):
  atr_thr=OFF slp=0.30 ct_pen=0.85 csi_sp=OFF c_pen=1.00  CF_PnL=+3480.7  Sharpe=0.0985
  atr_thr=OFF slp=0.30 ct_pen=0.85 csi_sp=OFF c_pen=0.80  CF_PnL=+3480.7  Sharpe=0.0985
  atr_thr=OFF slp=0.30 ct_pen=0.85 csi_sp=OFF c_pen=0.90  CF_PnL=+3480.7  Sharpe=0.0985
  atr_thr=OFF slp=0.30 ct_pen=0.85 csi_sp=OFF c_pen=1.00  CF_PnL=+3480.7  Sharpe=0.0985
  atr_thr=1.5 slp=0.30 ct_pen=0.85 csi_sp=0.50 c_pen=0.80  CF_PnL=+4751.2  Sharpe=0.0985

taken + blocked 合計が最大 (CF含む理論上限):
  combined=+18303.1  taken=13551.9  blocked CF=+4751.2
  combined=+18303.1  taken=13551.9  blocked CF=+4751.2
  combined=+18303.1  taken=13551.9  blocked CF=+4751.2
