
=== Feature group 1/1 [365d spread=False] ===
Loading candle data ...
  loaded 20 pairs
Building features ...
  AUD_CAD [365d] spread=False
  AUD_JPY [365d] spread=False
  AUD_NZD [365d] spread=False
  AUD_USD [365d] spread=False
  CHF_JPY [365d] spread=False
  EUR_AUD [365d] spread=False
  EUR_CAD [365d] spread=False
  EUR_CHF [365d] spread=False
  EUR_GBP [365d] spread=False
  EUR_JPY [365d] spread=False
  EUR_USD [365d] spread=False
  GBP_AUD [365d] spread=False
  GBP_CHF [365d] spread=False
  GBP_JPY [365d] spread=False
  GBP_USD [365d] spread=False
  NZD_JPY [365d] spread=False
  NZD_USD [365d] spread=False
  USD_CAD [365d] spread=False
  USD_CHF [365d] spread=False
  USD_JPY [365d] spread=False

[A_baseline] ベースライン: 45特徴量, 正則化なし, 固定80/20, 365d
C:\Users\yukik\fx-ai-trading\.venv\Lib\site-packages\sklearn\utils\validation.py:2691: UserWarning: X does not have valid feature names, but LGBMClassifier was fitted with feature names
  warnings.warn(
C:\Users\yukik\fx-ai-trading\.venv\Lib\site-packages\sklearn\utils\validation.py:2691: UserWarning: X does not have valid feature names, but LGBMClassifier was fitted with feature names
  warnings.warn(
C:\Users\yukik\fx-ai-trading\.venv\Lib\site-packages\sklearn\utils\validation.py:2691: UserWarning: X does not have valid feature names, but LGBMClassifier was fitted with feature names
  warnings.warn(
C:\Users\yukik\fx-ai-trading\.venv\Lib\site-packages\sklearn\utils\validation.py:2691: UserWarning: X does not have valid feature names, but LGBMClassifier was fitted with feature names
  warnings.warn(
C:\Users\yukik\fx-ai-trading\.venv\Lib\site-packages\sklearn\utils\validation.py:2691: UserWarning: X does not have valid feature names, but LGBMClassifier was fitted with feature names
  warnings.warn(
C:\Users\yukik\fx-ai-trading\.venv\Lib\site-packages\sklearn\utils\validation.py:2691: UserWarning: X does not have valid feature names, but LGBMClassifier was fitted with feature names
  warnings.warn(
C:\Users\yukik\fx-ai-trading\.venv\Lib\site-packages\sklearn\utils\validation.py:2691: UserWarning: X does not have valid feature names, but LGBMClassifier was fitted with feature names
  warnings.warn(
C:\Users\yukik\fx-ai-trading\.venv\Lib\site-packages\sklearn\utils\validation.py:2691: UserWarning: X does not have valid feature names, but LGBMClassifier was fitted with feature names
  warnings.warn(
C:\Users\yukik\fx-ai-trading\.venv\Lib\site-packages\sklearn\utils\validation.py:2691: UserWarning: X does not have valid feature names, but LGBMClassifier was fitted with feature names
  warnings.warn(
C:\Users\yukik\fx-ai-trading\.venv\Lib\site-packages\sklearn\utils\validation.py:2691: UserWarning: X does not have valid feature names, but LGBMClassifier was fitted with feature names
  warnings.warn(
C:\Users\yukik\fx-ai-trading\.venv\Lib\site-packages\sklearn\utils\validation.py:2691: UserWarning: X does not have valid feature names, but LGBMClassifier was fitted with feature names
  warnings.warn(
C:\Users\yukik\fx-ai-trading\.venv\Lib\site-packages\sklearn\utils\validation.py:2691: UserWarning: X does not have valid feature names, but LGBMClassifier was fitted with feature names
  warnings.warn(
C:\Users\yukik\fx-ai-trading\.venv\Lib\site-packages\sklearn\utils\validation.py:2691: UserWarning: X does not have valid feature names, but LGBMClassifier was fitted with feature names
  warnings.warn(
C:\Users\yukik\fx-ai-trading\.venv\Lib\site-packages\sklearn\utils\validation.py:2691: UserWarning: X does not have valid feature names, but LGBMClassifier was fitted with feature names
  warnings.warn(
C:\Users\yukik\fx-ai-trading\.venv\Lib\site-packages\sklearn\utils\validation.py:2691: UserWarning: X does not have valid feature names, but LGBMClassifier was fitted with feature names
  warnings.warn(
C:\Users\yukik\fx-ai-trading\.venv\Lib\site-packages\sklearn\utils\validation.py:2691: UserWarning: X does not have valid feature names, but LGBMClassifier was fitted with feature names
  warnings.warn(
C:\Users\yukik\fx-ai-trading\.venv\Lib\site-packages\sklearn\utils\validation.py:2691: UserWarning: X does not have valid feature names, but LGBMClassifier was fitted with feature names
  warnings.warn(
C:\Users\yukik\fx-ai-trading\.venv\Lib\site-packages\sklearn\utils\validation.py:2691: UserWarning: X does not have valid feature names, but LGBMClassifier was fitted with feature names
  warnings.warn(
C:\Users\yukik\fx-ai-trading\.venv\Lib\site-packages\sklearn\utils\validation.py:2691: UserWarning: X does not have valid feature names, but LGBMClassifier was fitted with feature names
  warnings.warn(
C:\Users\yukik\fx-ai-trading\.venv\Lib\site-packages\sklearn\utils\validation.py:2691: UserWarning: X does not have valid feature names, but LGBMClassifier was fitted with feature names
  warnings.warn(
  n=721  hit=23.0%  PnL=-102pip  Sharpe=-0.0278  MaxDD=-198.7pip
  [group 1 done - memory released]

=========================================================================================================
ABLATION RESULTS (EV-gate=ON, anti-pyramiding=ON, Top-K=3, conf>=0.40)
  Baseline: A_baseline (fixed 80/20, 365d) => Sharpe=-0.0278  PnL=-102pip
=========================================================================================================
Cell              Data       N   Hit%   PnL(pip)   Sharpe    MaxDD   dSharpe    PnL比  Description
---------------------------------------------------------------------------------------------------------
A_baseline        365d     721   23.0%       -102  -0.0278   -198.7   +0.0000    1.00x  ベースライン: 45特徴量, 正則化なし, 固定80/20, 365d
---------------------------------------------------------------------------------------------------------
dSharpe/PnL比: vs A_baseline. anti-pyramiding: 同一ペアはhorizon=20バー再エントリー禁止.
