sweep: 90 cells  (3H x 10TP/SL x 3fk)

Loading candle data (365d_BA) ...
  loaded 20 pairs

Building base features ...
  AUD_CAD
  AUD_JPY
  AUD_NZD
  AUD_USD
  CHF_JPY
  EUR_AUD
  EUR_CAD
  EUR_CHF
  EUR_GBP
  EUR_JPY
  EUR_USD
  GBP_AUD
  GBP_CHF
  GBP_JPY
  GBP_USD
  NZD_JPY
  NZD_USD
  USD_CAD
  USD_CHF
  USD_JPY

--- HORIZON=20 ---
  H20_TP1.0_SL1.0_fk1.0 ... n=33  hit=36.4%  PnL=-74pip  Sharpe=-0.2724
  H20_TP1.0_SL1.0_fk1.5 ... n=129  hit=38.0%  PnL=-93pip  Sharpe=-0.1150
  H20_TP1.0_SL1.0_fk2.0 ... n=233  hit=35.6%  PnL=-119pip  Sharpe=-0.0902
  H20_TP1.5_SL1.0_fk1.0 ... n=80  hit=28.7%  PnL=9pip  Sharpe=0.0214
  H20_TP1.5_SL1.0_fk1.5 ... n=199  hit=25.1%  PnL=-78pip  Sharpe=-0.0865
  H20_TP1.5_SL1.0_fk2.0 ... n=389  hit=23.7%  PnL=-156pip  Sharpe=-0.0741
  H20_TP1.5_SL1.5_fk1.0 ... n=118  hit=40.7%  PnL=-60pip  Sharpe=-0.0562
  H20_TP1.5_SL1.5_fk1.5 ... n=209  hit=32.1%  PnL=-295pip  Sharpe=-0.1654
  H20_TP1.5_SL1.5_fk2.0 ... n=460  hit=33.0%  PnL=-553pip  Sharpe=-0.1658
  H20_TP2.0_SL1.0_fk1.0 ... n=39  hit=23.1%  PnL=12pip  Sharpe=0.0633
  H20_TP2.0_SL1.0_fk1.5 ... n=85  hit=23.5%  PnL=67pip  Sharpe=0.1413
  H20_TP2.0_SL1.0_fk2.0 ... n=222  hit=18.5%  PnL=36pip  Sharpe=0.0315
  H20_TP2.0_SL1.5_fk1.0 ... n=178  hit=27.0%  PnL=67pip  Sharpe=0.0588
  H20_TP2.0_SL1.5_fk1.5 ... n=306  hit=20.9%  PnL=-200pip  Sharpe=-0.1164
  H20_TP2.0_SL1.5_fk2.0 ... n=705  hit=24.8%  PnL=-255pip  Sharpe=-0.0664
  H20_TP2.0_SL2.0_fk1.0 ... n=209  hit=28.7%  PnL=-211pip  Sharpe=-0.1338
  H20_TP2.0_SL2.0_fk1.5 ... n=347  hit=26.8%  PnL=-315pip  Sharpe=-0.1185
  H20_TP2.0_SL2.0_fk2.0 ... n=492  hit=27.2%  PnL=-303pip  Sharpe=-0.0935
  H20_TP3.0_SL1.0_fk1.0 ... n=39  hit=10.3%  PnL=7pip  Sharpe=0.0349
  H20_TP3.0_SL1.0_fk1.5 ... n=34  hit=11.8%  PnL=12pip  Sharpe=0.0801
  H20_TP3.0_SL1.0_fk2.0 ... n=87  hit=5.7%  PnL=-64pip  Sharpe=-0.1536
  H20_TP3.0_SL1.5_fk1.0 ... n=56  hit=5.4%  PnL=-59pip  Sharpe=-0.4103
  H20_TP3.0_SL1.5_fk1.5 ... n=101  hit=17.8%  PnL=76pip  Sharpe=0.1255
  H20_TP3.0_SL1.5_fk2.0 ... n=209  hit=11.5%  PnL=-82pip  Sharpe=-0.0715
  H20_TP3.0_SL2.0_fk1.0 ... n=46  hit=17.4%  PnL=-71pip  Sharpe=-0.2451
  H20_TP3.0_SL2.0_fk1.5 ... n=96  hit=16.7%  PnL=7pip  Sharpe=0.0139
  H20_TP3.0_SL2.0_fk2.0 ... n=176  hit=14.8%  PnL=-101pip  Sharpe=-0.1108
  H20_TP3.0_SL3.0_fk1.0 ... n=57  hit=24.6%  PnL=7pip  Sharpe=0.0201
  H20_TP3.0_SL3.0_fk1.5 ... n=155  hit=24.5%  PnL=-89pip  Sharpe=-0.0797
  H20_TP3.0_SL3.0_fk2.0 ... n=223  hit=23.8%  PnL=-143pip  Sharpe=-0.0811

--- HORIZON=40 ---
  H40_TP1.0_SL1.0_fk1.0 ... n=35  hit=37.1%  PnL=-25pip  Sharpe=-0.0873
  H40_TP1.0_SL1.0_fk1.5 ... n=95  hit=27.4%  PnL=-162pip  Sharpe=-0.2862
  H40_TP1.0_SL1.0_fk2.0 ... n=183  hit=33.9%  PnL=-160pip  Sharpe=-0.1510
  H40_TP1.5_SL1.0_fk1.0 ... n=65  hit=38.5%  PnL=72pip  Sharpe=0.1501
  H40_TP1.5_SL1.0_fk1.5 ... n=185  hit=24.3%  PnL=-114pip  Sharpe=-0.1129
  H40_TP1.5_SL1.0_fk2.0 ... n=292  hit=22.3%  PnL=-260pip  Sharpe=-0.1718
  H40_TP1.5_SL1.5_fk1.0 ... n=123  hit=42.3%  PnL=6pip  Sharpe=0.0048
  H40_TP1.5_SL1.5_fk1.5 ... n=261  hit=38.7%  PnL=-97pip  Sharpe=-0.0448
  H40_TP1.5_SL1.5_fk2.0 ... n=468  hit=36.1%  PnL=-312pip  Sharpe=-0.0860
  H40_TP2.0_SL1.0_fk1.0 ... n=66  hit=25.8%  PnL=42pip  Sharpe=0.1067
  H40_TP2.0_SL1.0_fk1.5 ... n=139  hit=22.3%  PnL=68pip  Sharpe=0.0858
  H40_TP2.0_SL1.0_fk2.0 ... n=204  hit=20.6%  PnL=-1pip  Sharpe=-0.0005
  H40_TP2.0_SL1.5_fk1.0 ... n=267  hit=31.8%  PnL=134pip  Sharpe=0.0771
  H40_TP2.0_SL1.5_fk1.5 ... n=513  hit=28.3%  PnL=-95pip  Sharpe=-0.0320
  H40_TP2.0_SL1.5_fk2.0 ... n=829  hit=28.7%  PnL=-203pip  Sharpe=-0.0371
  H40_TP2.0_SL2.0_fk1.0 ... n=342  hit=36.0%  PnL=-193pip  Sharpe=-0.0611
  H40_TP2.0_SL2.0_fk1.5 ... n=423  hit=38.3%  PnL=-243pip  Sharpe=-0.0626
  H40_TP2.0_SL2.0_fk2.0 ... n=728  hit=34.6%  PnL=-534pip  Sharpe=-0.0911
  H40_TP3.0_SL1.0_fk1.0 ... n=25  hit=8.0%  PnL=-5pip  Sharpe=-0.0325
  H40_TP3.0_SL1.0_fk1.5 ... n=61  hit=9.8%  PnL=-17pip  Sharpe=-0.0578
  H40_TP3.0_SL1.0_fk2.0 ... n=97  hit=11.3%  PnL=31pip  Sharpe=0.0500
  H40_TP3.0_SL1.5_fk1.0 ... n=88  hit=12.5%  PnL=24pip  Sharpe=0.0393
  H40_TP3.0_SL1.5_fk1.5 ... n=168  hit=14.9%  PnL=-5pip  Sharpe=-0.0057
  H40_TP3.0_SL1.5_fk2.0 ... n=334  hit=18.3%  PnL=93pip  Sharpe=0.0459
  H40_TP3.0_SL2.0_fk1.0 ... n=198  hit=23.2%  PnL=23pip  Sharpe=0.0182
  H40_TP3.0_SL2.0_fk1.5 ... n=506  hit=22.1%  PnL=-102pip  Sharpe=-0.0303
  H40_TP3.0_SL2.0_fk2.0 ... n=946  hit=22.7%  PnL=-149pip  Sharpe=-0.0234
  H40_TP3.0_SL3.0_fk1.0 ... n=605  hit=30.1%  PnL=-265pip  Sharpe=-0.0498
  H40_TP3.0_SL3.0_fk1.5 ... n=846  hit=26.6%  PnL=-1,066pip  Sharpe=-0.1457
  H40_TP3.0_SL3.0_fk2.0 ... n=1,309  hit=27.0%  PnL=-1,472pip  Sharpe=-0.1333

--- HORIZON=60 ---
  H60_TP1.0_SL1.0_fk1.0 ... n=32  hit=37.5%  PnL=-71pip  Sharpe=-0.2657
  H60_TP1.0_SL1.0_fk1.5 ... n=82  hit=34.1%  PnL=-72pip  Sharpe=-0.1264
  H60_TP1.0_SL1.0_fk2.0 ... n=151  hit=31.8%  PnL=-173pip  Sharpe=-0.2068
  H60_TP1.5_SL1.0_fk1.0 ... n=66  hit=24.2%  PnL=-45pip  Sharpe=-0.1148
  H60_TP1.5_SL1.0_fk1.5 ... n=171  hit=22.2%  PnL=-119pip  Sharpe=-0.1198
  H60_TP1.5_SL1.0_fk2.0 ... n=258  hit=24.4%  PnL=-141pip  Sharpe=-0.1015
  H60_TP1.5_SL1.5_fk1.0 ... n=129  hit=38.8%  PnL=-140pip  Sharpe=-0.1060
  H60_TP1.5_SL1.5_fk1.5 ... n=221  hit=42.1%  PnL=-136pip  Sharpe=-0.0714
  H60_TP1.5_SL1.5_fk2.0 ... n=412  hit=38.1%  PnL=-249pip  Sharpe=-0.0771
  H60_TP2.0_SL1.0_fk1.0 ... n=47  hit=25.5%  PnL=33pip  Sharpe=0.0989
  H60_TP2.0_SL1.0_fk1.5 ... n=133  hit=20.3%  PnL=-12pip  Sharpe=-0.0167
  H60_TP2.0_SL1.0_fk2.0 ... n=185  hit=19.5%  PnL=-9pip  Sharpe=-0.0094
  H60_TP2.0_SL1.5_fk1.0 ... n=254  hit=35.0%  PnL=113pip  Sharpe=0.0589
  H60_TP2.0_SL1.5_fk1.5 ... n=481  hit=27.7%  PnL=-124pip  Sharpe=-0.0381
  H60_TP2.0_SL1.5_fk2.0 ... n=694  hit=29.5%  PnL=-20pip  Sharpe=-0.0042
  H60_TP2.0_SL2.0_fk1.0 ... n=343  hit=38.8%  PnL=-158pip  Sharpe=-0.0516
  H60_TP2.0_SL2.0_fk1.5 ... n=418  hit=34.7%  PnL=-537pip  Sharpe=-0.1345
  H60_TP2.0_SL2.0_fk2.0 ... n=672  hit=36.5%  PnL=-430pip  Sharpe=-0.0749
  H60_TP3.0_SL1.0_fk1.0 ... n=34  hit=23.5%  PnL=40pip  Sharpe=0.1726
  H60_TP3.0_SL1.0_fk1.5 ... n=61  hit=14.8%  PnL=58pip  Sharpe=0.1428
  H60_TP3.0_SL1.0_fk2.0 ... n=123  hit=18.7%  PnL=95pip  Sharpe=0.1265
  H60_TP3.0_SL1.5_fk1.0 ... n=115  hit=12.2%  PnL=43pip  Sharpe=0.0497
  H60_TP3.0_SL1.5_fk1.5 ... n=215  hit=14.4%  PnL=-75pip  Sharpe=-0.0575
  H60_TP3.0_SL1.5_fk2.0 ... n=387  hit=18.6%  PnL=124pip  Sharpe=0.0482
  H60_TP3.0_SL2.0_fk1.0 ... n=505  hit=23.8%  PnL=-54pip  Sharpe=-0.0156
  H60_TP3.0_SL2.0_fk1.5 ... n=676  hit=23.7%  PnL=1pip  Sharpe=0.0001
  H60_TP3.0_SL2.0_fk2.0 ... n=1,033  hit=23.3%  PnL=-153pip  Sharpe=-0.0199
  H60_TP3.0_SL3.0_fk1.0 ... n=1,006  hit=32.9%  PnL=-1,195pip  Sharpe=-0.1231
  H60_TP3.0_SL3.0_fk1.5 ... n=1,073  hit=34.3%  PnL=-954pip  Sharpe=-0.0884
  H60_TP3.0_SL3.0_fk2.0 ... n=1,522  hit=34.0%  PnL=-1,250pip  Sharpe=-0.0882

====================================================================================================
SWEEP RESULTS (top 20 by Sharpe)
====================================================================================================
Cell                                          N   Hit%        PnL   Sharpe      MaxDD
----------------------------------------------------------------------------------------------------
H60_TP3.0_SL1.0_fk1.0                        34  23.5%        40pip   0.1726     -25.4pip
H40_TP1.5_SL1.0_fk1.0                        65  38.5%        72pip   0.1501     -32.2pip
H60_TP3.0_SL1.0_fk1.5                        61  14.8%        58pip   0.1428     -35.5pip
H20_TP2.0_SL1.0_fk1.5                        85  23.5%        67pip   0.1413     -30.3pip
H60_TP3.0_SL1.0_fk2.0                       123  18.7%        95pip   0.1265     -63.8pip
H20_TP3.0_SL1.5_fk1.5                       101  17.8%        76pip   0.1255     -37.4pip
H40_TP2.0_SL1.0_fk1.0                        66  25.8%        42pip   0.1067     -35.1pip
H60_TP2.0_SL1.0_fk1.0                        47  25.5%        33pip   0.0989     -29.7pip
H40_TP2.0_SL1.0_fk1.5                       139  22.3%        68pip   0.0858     -91.8pip
H20_TP3.0_SL1.0_fk1.5                        34  11.8%        12pip   0.0801     -11.4pip
H40_TP2.0_SL1.5_fk1.0                       267  31.8%       134pip   0.0771     -50.3pip
H20_TP2.0_SL1.0_fk1.0                        39  23.1%        12pip   0.0633     -25.8pip
H60_TP2.0_SL1.5_fk1.0                       254  35.0%       113pip   0.0589     -96.0pip
H20_TP2.0_SL1.5_fk1.0                       178  27.0%        67pip   0.0588     -66.5pip
H40_TP3.0_SL1.0_fk2.0                        97  11.3%        31pip   0.0500     -47.6pip
H60_TP3.0_SL1.5_fk1.0                       115  12.2%        43pip   0.0497     -42.9pip
H60_TP3.0_SL1.5_fk2.0                       387  18.6%       124pip   0.0482     -84.2pip
H40_TP3.0_SL1.5_fk2.0                       334  18.3%        93pip   0.0459     -88.0pip
H40_TP3.0_SL1.5_fk1.0                        88  12.5%        24pip   0.0393     -40.7pip
H20_TP3.0_SL1.0_fk1.0                        39  10.3%         7pip   0.0349     -16.2pip
----------------------------------------------------------------------------------------------------

+++ POSITIVE Sharpe: 27 cells +++
  H60_TP3.0_SL1.0_fk1.0  n=34  hit=23.5%  PnL=40pip  Sharpe=0.1726  MaxDD=-25.4pip
  H40_TP1.5_SL1.0_fk1.0  n=65  hit=38.5%  PnL=72pip  Sharpe=0.1501  MaxDD=-32.2pip
  H60_TP3.0_SL1.0_fk1.5  n=61  hit=14.8%  PnL=58pip  Sharpe=0.1428  MaxDD=-35.5pip
  H20_TP2.0_SL1.0_fk1.5  n=85  hit=23.5%  PnL=67pip  Sharpe=0.1413  MaxDD=-30.3pip
  H60_TP3.0_SL1.0_fk2.0  n=123  hit=18.7%  PnL=95pip  Sharpe=0.1265  MaxDD=-63.8pip
  H20_TP3.0_SL1.5_fk1.5  n=101  hit=17.8%  PnL=76pip  Sharpe=0.1255  MaxDD=-37.4pip
  H40_TP2.0_SL1.0_fk1.0  n=66  hit=25.8%  PnL=42pip  Sharpe=0.1067  MaxDD=-35.1pip
  H60_TP2.0_SL1.0_fk1.0  n=47  hit=25.5%  PnL=33pip  Sharpe=0.0989  MaxDD=-29.7pip
  H40_TP2.0_SL1.0_fk1.5  n=139  hit=22.3%  PnL=68pip  Sharpe=0.0858  MaxDD=-91.8pip
  H20_TP3.0_SL1.0_fk1.5  n=34  hit=11.8%  PnL=12pip  Sharpe=0.0801  MaxDD=-11.4pip
  H40_TP2.0_SL1.5_fk1.0  n=267  hit=31.8%  PnL=134pip  Sharpe=0.0771  MaxDD=-50.3pip
  H20_TP2.0_SL1.0_fk1.0  n=39  hit=23.1%  PnL=12pip  Sharpe=0.0633  MaxDD=-25.8pip
  H60_TP2.0_SL1.5_fk1.0  n=254  hit=35.0%  PnL=113pip  Sharpe=0.0589  MaxDD=-96.0pip
  H20_TP2.0_SL1.5_fk1.0  n=178  hit=27.0%  PnL=67pip  Sharpe=0.0588  MaxDD=-66.5pip
  H40_TP3.0_SL1.0_fk2.0  n=97  hit=11.3%  PnL=31pip  Sharpe=0.0500  MaxDD=-47.6pip
  H60_TP3.0_SL1.5_fk1.0  n=115  hit=12.2%  PnL=43pip  Sharpe=0.0497  MaxDD=-42.9pip
  H60_TP3.0_SL1.5_fk2.0  n=387  hit=18.6%  PnL=124pip  Sharpe=0.0482  MaxDD=-84.2pip
  H40_TP3.0_SL1.5_fk2.0  n=334  hit=18.3%  PnL=93pip  Sharpe=0.0459  MaxDD=-88.0pip
  H40_TP3.0_SL1.5_fk1.0  n=88  hit=12.5%  PnL=24pip  Sharpe=0.0393  MaxDD=-40.7pip
  H20_TP3.0_SL1.0_fk1.0  n=39  hit=10.3%  PnL=7pip  Sharpe=0.0349  MaxDD=-16.2pip
  H20_TP2.0_SL1.0_fk2.0  n=222  hit=18.5%  PnL=36pip  Sharpe=0.0315  MaxDD=-66.7pip
  H20_TP1.5_SL1.0_fk1.0  n=80  hit=28.7%  PnL=9pip  Sharpe=0.0214  MaxDD=-47.6pip
  H20_TP3.0_SL3.0_fk1.0  n=57  hit=24.6%  PnL=7pip  Sharpe=0.0201  MaxDD=-60.4pip
  H40_TP3.0_SL2.0_fk1.0  n=198  hit=23.2%  PnL=23pip  Sharpe=0.0182  MaxDD=-56.8pip
  H20_TP3.0_SL2.0_fk1.5  n=96  hit=16.7%  PnL=7pip  Sharpe=0.0139  MaxDD=-46.4pip
  H40_TP1.5_SL1.5_fk1.0  n=123  hit=42.3%  PnL=6pip  Sharpe=0.0048  MaxDD=-129.4pip
  H60_TP3.0_SL2.0_fk1.5  n=676  hit=23.7%  PnL=1pip  Sharpe=0.0001  MaxDD=-140.2pip
