sweep: 200 cells  (2H x 10TP/SL x 2fk x 5ct)  train_runs=40  n_est=200

Loading candle data (365d_BA) ...
  loaded 20 pairs

Building base features ...
  AUD_CAD
  AUD_JPY
  AUD_NZD
  AUD_USD
  CHF_JPY
  EUR_AUD
  EUR_CAD
  EUR_CHF
  EUR_GBP
  EUR_JPY
  EUR_USD
  GBP_AUD
  GBP_CHF
  GBP_JPY
  GBP_USD
  NZD_JPY
  NZD_USD
  USD_CAD
  USD_CHF
  USD_JPY
train runs: 40  sim cells: 200

--- HORIZON=20 ---
  H20_TP1.0_SL1.0_fk1.0 [train] ...
    ct=0.40  n=387  hit=34.4%  PnL=-231pip  Sharpe=-0.1018
    ct=0.45  n=382  hit=34.3%  PnL=-313pip  Sharpe=-0.1347
    ct=0.50  n=340  hit=35.9%  PnL=-215pip  Sharpe=-0.1143
    ct=0.55  n=245  hit=36.3%  PnL=-122pip  Sharpe=-0.0899
    ct=0.60  n=148  hit=34.5%  PnL=-152pip  Sharpe=-0.1736
  H20_TP1.0_SL1.0_fk1.5 [train] ...
    ct=0.40  n=525  hit=31.4%  PnL=-542pip  Sharpe=-0.1792
    ct=0.45  n=520  hit=31.7%  PnL=-513pip  Sharpe=-0.1737
    ct=0.50  n=482  hit=33.0%  PnL=-375pip  Sharpe=-0.1378
    ct=0.55  n=383  hit=32.1%  PnL=-444pip  Sharpe=-0.1991
    ct=0.60  n=263  hit=34.2%  PnL=-187pip  Sharpe=-0.1159
  H20_TP1.5_SL1.0_fk1.0 [train] ...
    ct=0.40  n=655  hit=21.2%  PnL=-205pip  Sharpe=-0.0599
    ct=0.45  n=401  hit=20.7%  PnL=-52pip  Sharpe=-0.0227
    ct=0.50  n=221  hit=21.3%  PnL=-10pip  Sharpe=-0.0076
    ct=0.55  n=124  hit=17.7%  PnL=-120pip  Sharpe=-0.1889
    ct=0.60  n=62  hit=16.1%  PnL=-54pip  Sharpe=-0.1427
  H20_TP1.5_SL1.0_fk1.5 [train] ...
    ct=0.40  n=827  hit=21.9%  PnL=-433pip  Sharpe=-0.1117
    ct=0.45  n=562  hit=23.0%  PnL=-179pip  Sharpe=-0.0671
    ct=0.50  n=354  hit=23.4%  PnL=-77pip  Sharpe=-0.0406
    ct=0.55  n=220  hit=22.3%  PnL=-93pip  Sharpe=-0.0836
    ct=0.60  n=125  hit=27.2%  PnL=-18pip  Sharpe=-0.0242
  H20_TP1.5_SL1.5_fk1.0 [train] ...
    ct=0.40  n=1,010  hit=32.8%  PnL=-775pip  Sharpe=-0.1176
    ct=0.45  n=929  hit=33.8%  PnL=-487pip  Sharpe=-0.0799
    ct=0.50  n=692  hit=32.9%  PnL=-466pip  Sharpe=-0.1078
    ct=0.55  n=404  hit=32.9%  PnL=-221pip  Sharpe=-0.0868
    ct=0.60  n=191  hit=30.4%  PnL=-170pip  Sharpe=-0.1302
  H20_TP1.5_SL1.5_fk1.5 [train] ...
    ct=0.40  n=1,353  hit=32.4%  PnL=-897pip  Sharpe=-0.1048
    ct=0.45  n=1,246  hit=31.2%  PnL=-984pip  Sharpe=-0.1311
    ct=0.50  n=1,006  hit=31.1%  PnL=-808pip  Sharpe=-0.1343
    ct=0.55  n=688  hit=29.4%  PnL=-569pip  Sharpe=-0.1383
    ct=0.60  n=413  hit=28.8%  PnL=-192pip  Sharpe=-0.0756
  H20_TP2.0_SL1.0_fk1.0 [train] ...
    ct=0.40  n=516  hit=16.9%  PnL=-87pip  Sharpe=-0.0343
    ct=0.45  n=257  hit=17.1%  PnL=15pip  Sharpe=0.0106
    ct=0.50  n=126  hit=18.3%  PnL=41pip  Sharpe=0.0621
    ct=0.55  n=68  hit=17.6%  PnL=10pip  Sharpe=0.0281
    ct=0.60  n=39  hit=10.3%  PnL=-6pip  Sharpe=-0.0266
  H20_TP2.0_SL1.0_fk1.5 [train] ...
    ct=0.40  n=523  hit=15.9%  PnL=-95pip  Sharpe=-0.0403
    ct=0.45  n=302  hit=16.6%  PnL=-72pip  Sharpe=-0.0501
    ct=0.50  n=167  hit=16.8%  PnL=-72pip  Sharpe=-0.0847
    ct=0.55  n=105  hit=14.3%  PnL=-57pip  Sharpe=-0.1103
    ct=0.60  n=58  hit=19.0%  PnL=11pip  Sharpe=0.0337
  H20_TP2.0_SL1.5_fk1.0 [train] ...
    ct=0.40  n=1,510  hit=22.8%  PnL=-533pip  Sharpe=-0.0679
    ct=0.45  n=948  hit=21.6%  PnL=-267pip  Sharpe=-0.0543
    ct=0.50  n=494  hit=20.6%  PnL=-185pip  Sharpe=-0.0775
    ct=0.55  n=236  hit=19.9%  PnL=-138pip  Sharpe=-0.1232
    ct=0.60  n=102  hit=18.6%  PnL=-4pip  Sharpe=-0.0057
  H20_TP2.0_SL1.5_fk1.5 [train] ...
    ct=0.40  n=1,759  hit=23.4%  PnL=-725pip  Sharpe=-0.0792
    ct=0.45  n=1,129  hit=22.9%  PnL=-461pip  Sharpe=-0.0845
    ct=0.50  n=675  hit=24.3%  PnL=-168pip  Sharpe=-0.0504
    ct=0.55  n=369  hit=26.3%  PnL=5pip  Sharpe=0.0027
    ct=0.60  n=197  hit=18.8%  PnL=-77pip  Sharpe=-0.0844
  H20_TP2.0_SL2.0_fk1.0 [train] ...
    ct=0.40  n=1,875  hit=27.5%  PnL=-1,756pip  Sharpe=-0.1456
    ct=0.45  n=1,535  hit=27.6%  PnL=-1,414pip  Sharpe=-0.1497
    ct=0.50  n=1,033  hit=26.1%  PnL=-972pip  Sharpe=-0.1595
    ct=0.55  n=583  hit=24.9%  PnL=-611pip  Sharpe=-0.1830
    ct=0.60  n=270  hit=24.8%  PnL=-299pip  Sharpe=-0.2066
  H20_TP2.0_SL2.0_fk1.5 [train] ...
    ct=0.40  n=2,085  hit=26.5%  PnL=-2,237pip  Sharpe=-0.1688
    ct=0.45  n=1,666  hit=25.4%  PnL=-1,793pip  Sharpe=-0.1797
    ct=0.50  n=1,118  hit=25.4%  PnL=-1,143pip  Sharpe=-0.1748
    ct=0.55  n=656  hit=26.7%  PnL=-615pip  Sharpe=-0.1542
    ct=0.60  n=354  hit=26.0%  PnL=-366pip  Sharpe=-0.1720
  H20_TP3.0_SL1.0_fk1.0 [train] ...
    ct=0.40  n=207  hit=9.2%  PnL=-46pip  Sharpe=-0.0596
    ct=0.45  n=118  hit=11.0%  PnL=-25pip  Sharpe=-0.0571
    ct=0.50  n=63  hit=11.1%  PnL=-25pip  Sharpe=-0.1057
    ct=0.55  n=24  hit=8.3%  PnL=5pip  Sharpe=0.0286
    ct=0.60  n=10  hit=0.0%  PnL=-22pip  Sharpe=-1.2170
  H20_TP3.0_SL1.0_fk1.5 [train] ...
    ct=0.40  n=162  hit=8.6%  PnL=-13pip  Sharpe=-0.0188
    ct=0.45  n=96  hit=13.5%  PnL=63pip  Sharpe=0.1254
    ct=0.50  n=58  hit=15.5%  PnL=51pip  Sharpe=0.1631
    ct=0.55  n=34  hit=17.6%  PnL=38pip  Sharpe=0.1775
    ct=0.60  n=20  hit=15.0%  PnL=6pip  Sharpe=0.0751
  H20_TP3.0_SL1.5_fk1.0 [train] ...
    ct=0.40  n=768  hit=11.7%  PnL=-342pip  Sharpe=-0.1153
    ct=0.45  n=448  hit=11.8%  PnL=-146pip  Sharpe=-0.0765
    ct=0.50  n=262  hit=12.2%  PnL=-55pip  Sharpe=-0.0461
    ct=0.55  n=159  hit=11.9%  PnL=-73pip  Sharpe=-0.1157
    ct=0.60  n=89  hit=10.1%  PnL=-37pip  Sharpe=-0.1061
  H20_TP3.0_SL1.5_fk1.5 [train] ...
    ct=0.40  n=840  hit=13.9%  PnL=-185pip  Sharpe=-0.0523
    ct=0.45  n=482  hit=12.2%  PnL=-207pip  Sharpe=-0.1010
    ct=0.50  n=265  hit=12.5%  PnL=-145pip  Sharpe=-0.1359
    ct=0.55  n=144  hit=17.4%  PnL=-21pip  Sharpe=-0.0338
    ct=0.60  n=75  hit=8.0%  PnL=-91pip  Sharpe=-0.3569
  H20_TP3.0_SL2.0_fk1.0 [train] ...
    ct=0.40  n=1,398  hit=15.4%  PnL=-677pip  Sharpe=-0.1053
    ct=0.45  n=860  hit=16.4%  PnL=-336pip  Sharpe=-0.0842
    ct=0.50  n=481  hit=15.8%  PnL=-165pip  Sharpe=-0.0729
    ct=0.55  n=263  hit=14.8%  PnL=-159pip  Sharpe=-0.1486
    ct=0.60  n=132  hit=15.2%  PnL=-59pip  Sharpe=-0.1055
  H20_TP3.0_SL2.0_fk1.5 [train] ...
    ct=0.40  n=1,786  hit=15.6%  PnL=-972pip  Sharpe=-0.1302
    ct=0.45  n=1,140  hit=16.2%  PnL=-480pip  Sharpe=-0.1008
    ct=0.50  n=694  hit=17.3%  PnL=-163pip  Sharpe=-0.0583
    ct=0.55  n=385  hit=16.9%  PnL=-192pip  Sharpe=-0.1310
    ct=0.60  n=195  hit=14.4%  PnL=-87pip  Sharpe=-0.1359
  H20_TP3.0_SL3.0_fk1.0 [train] ...
    ct=0.40  n=2,071  hit=18.5%  PnL=-1,876pip  Sharpe=-0.1740
    ct=0.45  n=1,445  hit=19.0%  PnL=-1,252pip  Sharpe=-0.1697
    ct=0.50  n=849  hit=19.2%  PnL=-685pip  Sharpe=-0.1544
    ct=0.55  n=459  hit=19.2%  PnL=-288pip  Sharpe=-0.1186
    ct=0.60  n=216  hit=19.4%  PnL=-92pip  Sharpe=-0.0771
  H20_TP3.0_SL3.0_fk1.5 [train] ...
    ct=0.40  n=2,320  hit=20.3%  PnL=-1,993pip  Sharpe=-0.1592
    ct=0.45  n=1,608  hit=19.3%  PnL=-1,605pip  Sharpe=-0.1913
    ct=0.50  n=987  hit=18.8%  PnL=-924pip  Sharpe=-0.1988
    ct=0.55  n=544  hit=19.3%  PnL=-456pip  Sharpe=-0.1644
    ct=0.60  n=268  hit=19.0%  PnL=-134pip  Sharpe=-0.1058

--- HORIZON=40 ---
  H40_TP1.0_SL1.0_fk1.0 [train] ...
    ct=0.40  n=335  hit=31.0%  PnL=-345pip  Sharpe=-0.1713
    ct=0.45  n=334  hit=30.8%  PnL=-327pip  Sharpe=-0.1664
    ct=0.50  n=319  hit=32.0%  PnL=-292pip  Sharpe=-0.1524
    ct=0.55  n=244  hit=33.2%  PnL=-175pip  Sharpe=-0.1220
    ct=0.60  n=160  hit=28.7%  PnL=-197pip  Sharpe=-0.2050
  H40_TP1.0_SL1.0_fk1.5 [train] ...
    ct=0.40  n=444  hit=29.5%  PnL=-451pip  Sharpe=-0.1733
    ct=0.45  n=442  hit=29.9%  PnL=-421pip  Sharpe=-0.1636
    ct=0.50  n=419  hit=29.6%  PnL=-425pip  Sharpe=-0.1893
    ct=0.55  n=349  hit=29.8%  PnL=-309pip  Sharpe=-0.1660
    ct=0.60  n=266  hit=31.2%  PnL=-334pip  Sharpe=-0.2098
  H40_TP1.5_SL1.0_fk1.0 [train] ...
    ct=0.40  n=685  hit=24.8%  PnL=-77pip  Sharpe=-0.0212
    ct=0.45  n=448  hit=21.4%  PnL=-157pip  Sharpe=-0.0648
    ct=0.50  n=284  hit=22.2%  PnL=8pip  Sharpe=0.0046
    ct=0.55  n=181  hit=18.8%  PnL=-85pip  Sharpe=-0.0945
    ct=0.60  n=98  hit=21.4%  PnL=-65pip  Sharpe=-0.1185
  H40_TP1.5_SL1.0_fk1.5 [train] ...
    ct=0.40  n=784  hit=24.0%  PnL=-207pip  Sharpe=-0.0505
    ct=0.45  n=555  hit=22.3%  PnL=-134pip  Sharpe=-0.0439
    ct=0.50  n=370  hit=24.3%  PnL=-0pip  Sharpe=-0.0001
    ct=0.55  n=241  hit=27.0%  PnL=100pip  Sharpe=0.0627
    ct=0.60  n=155  hit=27.7%  PnL=70pip  Sharpe=0.0718
  H40_TP1.5_SL1.5_fk1.0 [train] ...
    ct=0.40  n=949  hit=34.2%  PnL=-804pip  Sharpe=-0.1223
    ct=0.45  n=923  hit=34.0%  PnL=-765pip  Sharpe=-0.1223
    ct=0.50  n=787  hit=33.0%  PnL=-792pip  Sharpe=-0.1523
    ct=0.55  n=508  hit=32.1%  PnL=-316pip  Sharpe=-0.0992
    ct=0.60  n=285  hit=35.1%  PnL=-214pip  Sharpe=-0.1127
  H40_TP1.5_SL1.5_fk1.5 [train] ...
    ct=0.40  n=1,184  hit=32.9%  PnL=-986pip  Sharpe=-0.1257
    ct=0.45  n=1,165  hit=32.3%  PnL=-1,004pip  Sharpe=-0.1295
    ct=0.50  n=1,014  hit=32.0%  PnL=-855pip  Sharpe=-0.1317
    ct=0.55  n=725  hit=30.2%  PnL=-606pip  Sharpe=-0.1343
    ct=0.60  n=441  hit=27.7%  PnL=-479pip  Sharpe=-0.1676
  H40_TP2.0_SL1.0_fk1.0 [train] ...
    ct=0.40  n=556  hit=18.7%  PnL=65pip  Sharpe=0.0207
    ct=0.45  n=300  hit=16.7%  PnL=28pip  Sharpe=0.0141
    ct=0.50  n=159  hit=18.9%  PnL=-35pip  Sharpe=-0.0422
    ct=0.55  n=85  hit=14.1%  PnL=-33pip  Sharpe=-0.0730
    ct=0.60  n=43  hit=9.3%  PnL=-52pip  Sharpe=-0.2088
  H40_TP2.0_SL1.0_fk1.5 [train] ...
    ct=0.40  n=562  hit=16.0%  PnL=-173pip  Sharpe=-0.0660
    ct=0.45  n=366  hit=20.2%  PnL=103pip  Sharpe=0.0519
    ct=0.50  n=233  hit=19.7%  PnL=110pip  Sharpe=0.0796
    ct=0.55  n=151  hit=16.6%  PnL=11pip  Sharpe=0.0133
    ct=0.60  n=95  hit=18.9%  PnL=33pip  Sharpe=0.0556
  H40_TP2.0_SL1.5_fk1.0 [train] ...
    ct=0.40  n=1,635  hit=26.7%  PnL=-278pip  Sharpe=-0.0283
    ct=0.45  n=1,085  hit=26.8%  PnL=-280pip  Sharpe=-0.0429
    ct=0.50  n=595  hit=28.1%  PnL=-84pip  Sharpe=-0.0234
    ct=0.55  n=308  hit=28.2%  PnL=-56pip  Sharpe=-0.0303
    ct=0.60  n=141  hit=25.5%  PnL=-35pip  Sharpe=-0.0358
  H40_TP2.0_SL1.5_fk1.5 [train] ...
    ct=0.40  n=1,895  hit=25.1%  PnL=-901pip  Sharpe=-0.0864
    ct=0.45  n=1,319  hit=25.4%  PnL=-703pip  Sharpe=-0.0966
    ct=0.50  n=795  hit=25.9%  PnL=-252pip  Sharpe=-0.0556
    ct=0.55  n=454  hit=25.8%  PnL=-75pip  Sharpe=-0.0273
    ct=0.60  n=257  hit=26.8%  PnL=-59pip  Sharpe=-0.0370
  H40_TP2.0_SL2.0_fk1.0 [train] ...
    ct=0.40  n=1,848  hit=35.0%  PnL=-1,185pip  Sharpe=-0.0856
    ct=0.45  n=1,709  hit=35.3%  PnL=-1,217pip  Sharpe=-0.0971
    ct=0.50  n=1,286  hit=32.9%  PnL=-1,387pip  Sharpe=-0.1565
    ct=0.55  n=770  hit=32.5%  PnL=-692pip  Sharpe=-0.1364
    ct=0.60  n=382  hit=34.8%  PnL=-126pip  Sharpe=-0.0473
  H40_TP2.0_SL2.0_fk1.5 [train] ...
    ct=0.40  n=2,058  hit=33.1%  PnL=-1,986pip  Sharpe=-0.1348
    ct=0.45  n=1,934  hit=33.2%  PnL=-1,789pip  Sharpe=-0.1323
    ct=0.50  n=1,518  hit=32.3%  PnL=-1,594pip  Sharpe=-0.1554
    ct=0.55  n=918  hit=31.5%  PnL=-1,041pip  Sharpe=-0.1595
    ct=0.60  n=496  hit=32.5%  PnL=-340pip  Sharpe=-0.0987
  H40_TP3.0_SL1.0_fk1.0 [train] ...
    ct=0.40  n=269  hit=14.1%  PnL=145pip  Sharpe=0.0960
    ct=0.45  n=138  hit=10.9%  PnL=40pip  Sharpe=0.0547
    ct=0.50  n=83  hit=7.2%  PnL=-10pip  Sharpe=-0.0283
    ct=0.55  n=48  hit=14.6%  PnL=65pip  Sharpe=0.1758
    ct=0.60  n=27  hit=11.1%  PnL=20pip  Sharpe=0.0983
  H40_TP3.0_SL1.0_fk1.5 [train] ...
    ct=0.40  n=263  hit=10.6%  PnL=-39pip  Sharpe=-0.0322
    ct=0.45  n=158  hit=12.0%  PnL=-14pip  Sharpe=-0.0196
    ct=0.50  n=107  hit=10.3%  PnL=-14pip  Sharpe=-0.0298
    ct=0.55  n=72  hit=12.5%  PnL=14pip  Sharpe=0.0408
    ct=0.60  n=43  hit=4.7%  PnL=-35pip  Sharpe=-0.2538
  H40_TP3.0_SL1.5_fk1.0 [train] ...
    ct=0.40  n=1,019  hit=15.7%  PnL=-189pip  Sharpe=-0.0378
    ct=0.45  n=585  hit=15.9%  PnL=-94pip  Sharpe=-0.0331
    ct=0.50  n=326  hit=19.3%  PnL=229pip  Sharpe=0.1004
    ct=0.55  n=164  hit=14.6%  PnL=-55pip  Sharpe=-0.0589
    ct=0.60  n=97  hit=12.4%  PnL=-63pip  Sharpe=-0.1442
  H40_TP3.0_SL1.5_fk1.5 [train] ...
    ct=0.40  n=1,147  hit=16.4%  PnL=-98pip  Sharpe=-0.0162
    ct=0.45  n=684  hit=13.5%  PnL=-235pip  Sharpe=-0.0649
    ct=0.50  n=392  hit=16.8%  PnL=-66pip  Sharpe=-0.0307
    ct=0.55  n=241  hit=19.9%  PnL=65pip  Sharpe=0.0531
    ct=0.60  n=144  hit=16.0%  PnL=-69pip  Sharpe=-0.1000
  H40_TP3.0_SL2.0_fk1.0 [train] ...
    ct=0.40  n=2,133  hit=21.0%  PnL=-505pip  Sharpe=-0.0418
    ct=0.45  n=1,265  hit=22.2%  PnL=-244pip  Sharpe=-0.0339
    ct=0.50  n=677  hit=18.8%  PnL=-235pip  Sharpe=-0.0557
    ct=0.55  n=331  hit=21.5%  PnL=-96pip  Sharpe=-0.0508
    ct=0.60  n=157  hit=19.7%  PnL=-95pip  Sharpe=-0.1080
  H40_TP3.0_SL2.0_fk1.5 [train] ...
    ct=0.40  n=2,528  hit=20.6%  PnL=-750pip  Sharpe=-0.0513
    ct=0.45  n=1,517  hit=20.9%  PnL=-271pip  Sharpe=-0.0311
    ct=0.50  n=840  hit=21.3%  PnL=-113pip  Sharpe=-0.0227
    ct=0.55  n=422  hit=19.9%  PnL=-184pip  Sharpe=-0.0768
    ct=0.60  n=207  hit=14.0%  PnL=-199pip  Sharpe=-0.2026
  H40_TP3.0_SL3.0_fk1.0 [train] ...
    ct=0.40  n=3,637  hit=29.4%  PnL=-2,946pip  Sharpe=-0.1083
    ct=0.45  n=2,846  hit=29.9%  PnL=-2,311pip  Sharpe=-0.1122
    ct=0.50  n=1,810  hit=29.8%  PnL=-1,637pip  Sharpe=-0.1313
    ct=0.55  n=989  hit=30.9%  PnL=-474pip  Sharpe=-0.0713
    ct=0.60  n=463  hit=27.0%  PnL=-372pip  Sharpe=-0.1174
  H40_TP3.0_SL3.0_fk1.5 [train] ...
    ct=0.40  n=3,866  hit=28.5%  PnL=-2,659pip  Sharpe=-0.0944
    ct=0.45  n=3,084  hit=28.6%  PnL=-2,508pip  Sharpe=-0.1189
    ct=0.50  n=2,101  hit=28.4%  PnL=-1,719pip  Sharpe=-0.1252
    ct=0.55  n=1,217  hit=27.2%  PnL=-1,188pip  Sharpe=-0.1488
    ct=0.60  n=660  hit=29.2%  PnL=-507pip  Sharpe=-0.1248

==============================================================================================================
SWEEP RESULTS (top 20 by Sharpe)
==============================================================================================================
Cell                                                    N   Hit%        PnL   Sharpe      MaxDD
--------------------------------------------------------------------------------------------------------------
H20_TP3.0_SL1.0_fk1.5_ct0.55                           34  17.6%        38pip   0.1775     -12.0pip
H40_TP3.0_SL1.0_fk1.0_ct0.55                           48  14.6%        65pip   0.1758     -22.8pip
H20_TP3.0_SL1.0_fk1.5_ct0.50                           58  15.5%        51pip   0.1631     -26.8pip
H20_TP3.0_SL1.0_fk1.5_ct0.45                           96  13.5%        63pip   0.1254     -36.1pip
H40_TP3.0_SL1.5_fk1.0_ct0.50                          326  19.3%       229pip   0.1004     -38.7pip
H40_TP3.0_SL1.0_fk1.0_ct0.60                           27  11.1%        20pip   0.0983     -12.7pip
H40_TP3.0_SL1.0_fk1.0_ct0.40                          269  14.1%       145pip   0.0960     -62.4pip
H40_TP2.0_SL1.0_fk1.5_ct0.50                          233  19.7%       110pip   0.0796     -84.0pip
H20_TP3.0_SL1.0_fk1.5_ct0.60                           20  15.0%         6pip   0.0751     -16.0pip
H40_TP1.5_SL1.0_fk1.5_ct0.60                          155  27.7%        70pip   0.0718     -49.4pip
H40_TP1.5_SL1.0_fk1.5_ct0.55                          241  27.0%       100pip   0.0627     -94.1pip
H20_TP2.0_SL1.0_fk1.0_ct0.50                          126  18.3%        41pip   0.0621     -27.8pip
H40_TP2.0_SL1.0_fk1.5_ct0.60                           95  18.9%        33pip   0.0556     -30.0pip
H40_TP3.0_SL1.0_fk1.0_ct0.45                          138  10.9%        40pip   0.0547     -36.4pip
H40_TP3.0_SL1.5_fk1.5_ct0.55                          241  19.9%        65pip   0.0531     -64.2pip
H40_TP2.0_SL1.0_fk1.5_ct0.45                          366  20.2%       103pip   0.0519     -89.3pip
H40_TP3.0_SL1.0_fk1.5_ct0.55                           72  12.5%        14pip   0.0408     -36.7pip
H20_TP2.0_SL1.0_fk1.5_ct0.60                           58  19.0%        11pip   0.0337     -38.2pip
H20_TP3.0_SL1.0_fk1.0_ct0.55                           24   8.3%         5pip   0.0286     -27.0pip
H20_TP2.0_SL1.0_fk1.0_ct0.55                           68  17.6%        10pip   0.0281     -27.4pip
--------------------------------------------------------------------------------------------------------------

+++ POSITIVE Sharpe: 26 cells +++
  H20_TP3.0_SL1.0_fk1.5_ct0.55  n=34  hit=17.6%  PnL=38pip  Sharpe=0.1775  MaxDD=-12.0pip
  H40_TP3.0_SL1.0_fk1.0_ct0.55  n=48  hit=14.6%  PnL=65pip  Sharpe=0.1758  MaxDD=-22.8pip
  H20_TP3.0_SL1.0_fk1.5_ct0.50  n=58  hit=15.5%  PnL=51pip  Sharpe=0.1631  MaxDD=-26.8pip
  H20_TP3.0_SL1.0_fk1.5_ct0.45  n=96  hit=13.5%  PnL=63pip  Sharpe=0.1254  MaxDD=-36.1pip
  H40_TP3.0_SL1.5_fk1.0_ct0.50  n=326  hit=19.3%  PnL=229pip  Sharpe=0.1004  MaxDD=-38.7pip
  H40_TP3.0_SL1.0_fk1.0_ct0.60  n=27  hit=11.1%  PnL=20pip  Sharpe=0.0983  MaxDD=-12.7pip
  H40_TP3.0_SL1.0_fk1.0_ct0.40  n=269  hit=14.1%  PnL=145pip  Sharpe=0.0960  MaxDD=-62.4pip
  H40_TP2.0_SL1.0_fk1.5_ct0.50  n=233  hit=19.7%  PnL=110pip  Sharpe=0.0796  MaxDD=-84.0pip
  H20_TP3.0_SL1.0_fk1.5_ct0.60  n=20  hit=15.0%  PnL=6pip  Sharpe=0.0751  MaxDD=-16.0pip
  H40_TP1.5_SL1.0_fk1.5_ct0.60  n=155  hit=27.7%  PnL=70pip  Sharpe=0.0718  MaxDD=-49.4pip
  H40_TP1.5_SL1.0_fk1.5_ct0.55  n=241  hit=27.0%  PnL=100pip  Sharpe=0.0627  MaxDD=-94.1pip
  H20_TP2.0_SL1.0_fk1.0_ct0.50  n=126  hit=18.3%  PnL=41pip  Sharpe=0.0621  MaxDD=-27.8pip
  H40_TP2.0_SL1.0_fk1.5_ct0.60  n=95  hit=18.9%  PnL=33pip  Sharpe=0.0556  MaxDD=-30.0pip
  H40_TP3.0_SL1.0_fk1.0_ct0.45  n=138  hit=10.9%  PnL=40pip  Sharpe=0.0547  MaxDD=-36.4pip
  H40_TP3.0_SL1.5_fk1.5_ct0.55  n=241  hit=19.9%  PnL=65pip  Sharpe=0.0531  MaxDD=-64.2pip
  H40_TP2.0_SL1.0_fk1.5_ct0.45  n=366  hit=20.2%  PnL=103pip  Sharpe=0.0519  MaxDD=-89.3pip
  H40_TP3.0_SL1.0_fk1.5_ct0.55  n=72  hit=12.5%  PnL=14pip  Sharpe=0.0408  MaxDD=-36.7pip
  H20_TP2.0_SL1.0_fk1.5_ct0.60  n=58  hit=19.0%  PnL=11pip  Sharpe=0.0337  MaxDD=-38.2pip
  H20_TP3.0_SL1.0_fk1.0_ct0.55  n=24  hit=8.3%  PnL=5pip  Sharpe=0.0286  MaxDD=-27.0pip
  H20_TP2.0_SL1.0_fk1.0_ct0.55  n=68  hit=17.6%  PnL=10pip  Sharpe=0.0281  MaxDD=-27.4pip
  H40_TP2.0_SL1.0_fk1.0_ct0.40  n=556  hit=18.7%  PnL=65pip  Sharpe=0.0207  MaxDD=-127.0pip
  H40_TP2.0_SL1.0_fk1.0_ct0.45  n=300  hit=16.7%  PnL=28pip  Sharpe=0.0141  MaxDD=-104.6pip
  H40_TP2.0_SL1.0_fk1.5_ct0.55  n=151  hit=16.6%  PnL=11pip  Sharpe=0.0133  MaxDD=-74.3pip
  H20_TP2.0_SL1.0_fk1.0_ct0.45  n=257  hit=17.1%  PnL=15pip  Sharpe=0.0106  MaxDD=-67.3pip
  H40_TP1.5_SL1.0_fk1.0_ct0.50  n=284  hit=22.2%  PnL=8pip  Sharpe=0.0046  MaxDD=-120.2pip
  H20_TP2.0_SL1.5_fk1.5_ct0.55  n=369  hit=26.3%  PnL=5pip  Sharpe=0.0027  MaxDD=-96.4pip
