=== Candidate 1: H40/TP2.0/SL1.5/fk1.0 ===

=== Feature group 1/3 [365d spread=False] ===
Loading candle data ...
  loaded 20 pairs
Building features ...
  AUD_CAD [365d] spread=False
  AUD_JPY [365d] spread=False
  AUD_NZD [365d] spread=False
  AUD_USD [365d] spread=False
  CHF_JPY [365d] spread=False
  EUR_AUD [365d] spread=False
  EUR_CAD [365d] spread=False
  EUR_CHF [365d] spread=False
  EUR_GBP [365d] spread=False
  EUR_JPY [365d] spread=False
  EUR_USD [365d] spread=False
  GBP_AUD [365d] spread=False
  GBP_CHF [365d] spread=False
  GBP_JPY [365d] spread=False
  GBP_USD [365d] spread=False
  NZD_JPY [365d] spread=False
  NZD_USD [365d] spread=False
  USD_CAD [365d] spread=False
  USD_CHF [365d] spread=False
  USD_JPY [365d] spread=False

[A_baseline] ベースライン: 45特徴量, 正則化なし, 固定80/20, 365d
  n=1,635  hit=26.7%  PnL=-278pip  Sharpe=-0.0283  MaxDD=-383.2pip
  [group 1 done - memory released]

=== Feature group 2/3 [730d spread=False] ===
Loading candle data ...
  loaded 20 pairs
Building features ...
  AUD_CAD [730d] spread=False
  AUD_JPY [730d] spread=False
  AUD_NZD [730d] spread=False
  AUD_USD [730d] spread=False
  CHF_JPY [730d] spread=False
  EUR_AUD [730d] spread=False
  EUR_CAD [730d] spread=False
  EUR_CHF [730d] spread=False
  EUR_GBP [730d] spread=False
  EUR_JPY [730d] spread=False
  EUR_USD [730d] spread=False
  GBP_AUD [730d] spread=False
  GBP_CHF [730d] spread=False
  GBP_JPY [730d] spread=False
  GBP_USD [730d] spread=False
  NZD_JPY [730d] spread=False
  NZD_USD [730d] spread=False
  USD_CAD [730d] spread=False
  USD_CHF [730d] spread=False
  USD_JPY [730d] spread=False

[B_wf90_base] WFベースライン: 45特徴量, 正則化なし, WF90d/90d
    8 folds
    fold   1/8 train [2024-04-30→2024-07-29] test [2024-07-29→2024-10-27]
    fold   2/8 train [2024-07-29→2024-10-27] test [2024-10-27→2025-01-25]
    fold   3/8 train [2024-10-27→2025-01-25] test [2025-01-25→2025-04-25]
    fold   4/8 train [2025-01-25→2025-04-25] test [2025-04-25→2025-07-24]
=== Candidate 1 DONE ===
