================================================================================
Stage 15.0a - H1 Mean-Reversion (rule-based, no ML)
  H1, 1825d × 20 pairs, H=8, TP=1.0/SL=0.7
  Setup: BB extreme + wick > 50%
================================================================================
  loaded 20 pairs
  features built (0.5s)

Detecting MR signals + computing labels...
  detected 42,257 total MR signals across all pairs (0.4s)

Standalone hit rate (no top_k filter, no fold split):
  total signals with labels: 42,241
  TP: 12,778 (30.3%)
  SL: 28,243 (66.9%)
  TO: 1,220 (2.9%)
  Net PnL across all signals: -234707.6 pip

Folded sim with top_k=3 + currency dedup:
  folds: 17, test window: 1458 days (3.99 years)

====================================================================================================
Stage 15.0a — Mean-reversion (H1 rule-based)
====================================================================================================
  Sharpe=-5.8028  hit= 29.8%  n=15,026 (3764/yr, 10.30/day)  PnL=-83358.0

  Reference (existing trend strategies):
    M1+H1 conf=0.40 (B):  Sharpe +0.082, n=141 (0.39/day), PnL +180
    H1 23feat conf=0.55:  Sharpe +0.019, n=150 (0.41/day), PnL +112
====================================================================================================
