==============================================================================================================
Stage 21.0c - M1 N-bar breakout rule-based strategy (TP=1.5/SL=0.5×ATR, hold=30min)
==============================================================================================================

Building M1 features + breakout high/low...
  Features ready (112s, 20 pairs)
  Total span: 730 days (2.00 years)

  Simulating breakout N=15...
    n=371,185 (185719/yr)  Sharpe=-0.5118  hit=  0.6%  PnL=-336532.4p  TP=0.3% SL=99.2% TO=0.5%  (26s)

  Simulating breakout N=30...
    n=312,207 (156210/yr)  Sharpe=-0.4869  hit=  0.6%  PnL=-284288.0p  TP=0.3% SL=99.1% TO=0.6%  (21s)

  Simulating breakout N=60...
    n=238,080 (119121/yr)  Sharpe=-0.4540  hit=  0.7%  PnL=-219713.5p  TP=0.3% SL=99.0% TO=0.7%  (16s)

  Simulating breakout N=120...
    n=170,956 (85536/yr)  Sharpe=-0.3924  hit=  0.8%  PnL=-161045.0p  TP=0.4% SL=98.8% TO=0.8%  (12s)

==============================================================================================================
BREAKOUT SWEEP SUMMARY
==============================================================================================================
 N_lookback       n   n/year   Sharpe   hit%       PnL    TP%    SL%    TO%
--------------------------------------------------------------------------------------------------------------
         15 371,185   185719  -0.5118    0.6 -336532.4   0.3%  99.2%   0.5%
         30 312,207   156210  -0.4869    0.6 -284288.0   0.3%  99.1%   0.6%
         60 238,080   119121  -0.4540    0.7 -219713.5   0.3%  99.0%   0.7%
        120 170,956    85536  -0.3924    0.8 -161045.0   0.4%  98.8%   0.8%
==============================================================================================================

Reference: M1 B Rule baseline Sharpe +0.082, n=141, PnL +180

  ✗ No breakout config beats baseline
