==============================================================================================================
Stage 21.0a - M5 baseline B.2 classifier-quality eval
==============================================================================================================

Building M5 features...
  Loading M1 + aggregating to M5 for 20 pairs...
  M5 features ready (114s, 20 pairs)

Adding triple-barrier labels (HORIZON=8 M5 bars = 40 min)...
  Labels added (5s)

Adding forward stats + shape labels...
  Fwd + shape ready (1s)

  Feat cols: base 17 + multi_tf 24 = 41 total
  Multi-TF prefixes: ['m15', 'h1', 'h4_full']

  M5 spread/ATR diagnostic (EUR_USD sample):
    median ATR_M5: 3.17 pip
    median spread: 1.60 pip
    spread/ATR ratio: 50.5% (M1 was 25%)

  TRUE label_shape distribution (after calibration):
    C0 strong_up  :    286,202 ( 9.68%)
    C1 weak_up    :    737,701 (24.96%)
    C2 range      :    941,312 (31.85%)
    C3 weak_dn    :    708,198 (23.97%)
    C4 strong_dn  :    281,720 ( 9.53%)
  (M1 baseline TRUE: C0=6%, C1=25%, C2=40%, C3=24%, C4=6%)

  folds: 5

Walk-forward training & predicting...
  fold 1 done
  fold 2 done
  fold 3 done
  fold 4 done
  fold 5 done
  WF done (107s, n_pred=1,490,797)

==============================================================================================================
PER-CLASS BREAKDOWN
==============================================================================================================
  C0 strong_up  : n=    1,786 share= 0.12% P(up)=0.732 E[fwd/ATR]=+1.5732 SNR=0.520
                    avg_fwd= +4.69p  avg_atr= 3.65p  TP=20.81% SL=74.62%
  C1 weak_up    : n=   32,825 share= 2.20% P(up)=0.578 E[fwd/ATR]=+0.3610 SNR=0.155
                    avg_fwd= +1.28p  avg_atr= 5.49p  TP=17.19% SL=71.98%
  C2 range      : n=1,432,796 share=96.11% P(up)=0.505 E[fwd/ATR]=+0.0088 SNR=0.004
                    avg_fwd= +0.04p  avg_atr= 4.33p  TP=13.16% SL=77.50%
  C3 weak_dn    : n=   22,888 share= 1.54% P(up)=0.413 E[fwd/ATR]=-0.3693 SNR=0.156
                    avg_fwd= -1.25p  avg_atr= 4.68p  TP=13.73% SL=76.89%
  C4 strong_dn  : n=      502 share= 0.03% P(up)=0.337 E[fwd/ATR]=-0.9766 SNR=0.282
                    avg_fwd= -2.39p  avg_atr= 2.99p  TP=20.00% SL=74.07%

==============================================================================================================
CLASSIFIER QUALITY METRICS
==============================================================================================================
  Effect sizes (max-min spread across classes):
    ΔP(up)        : 0.3951
    ΔE[fwd/ATR]   : +2.5498
    Δavg_fwd_pip  : +7.09
    ΔTP%          : 7.65%
    ΔSL%          : 5.52%

  Temporal distribution (predicted strong = C0+C4):
    n_strong       : 2,288
    daily share    : 19.8%  (n_strong_daily=454)
    hour coverage  : 21/24
    day coverage   : 63.7%
    top pair share : 11.6%
    21-22 UTC share: 80.2%

==============================================================================================================
VERDICT (vs M1 F2 multi_tf baseline)
==============================================================================================================
  M1 F2: ΔP(up)=0.65, n_C0=358, weekend_share=96%, top_pair=23.7%
  M5   : ΔP(up)=0.40, n_C0=1,786, weekend_share=80%, top_pair=11.6%

  ✗ GO criteria NOT met (issues):
    ΔP(up) > 0.30           : 0.3951    [✓]
    daily_share > 30%       : 19.8% [✗]
    top_pair < 50%          : 11.6% [✓]

  → M5 も同質の構造的問題. M15 へスケールアップ検討.
