================================================================================
Stage 15.0a - H1 Mean-Reversion (rule-based, no ML)
  H1, 1825d × 20 pairs, H=8, TP=1.0/SL=0.7
  Setup: BB extreme + wick > 50%
================================================================================
  loaded 20 pairs
  features built (0.5s)

Detecting MR signals + computing labels...
  detected 42,257 total MR signals across all pairs (0.4s)

Standalone hit rate (no top_k filter, no fold split):
  total signals with labels: 42,241
  TP: 12,183 (28.8%)
  SL: 28,681 (67.9%)
  TO: 1,377 (3.3%)
  Net PnL across all signals: -239901.5 pip

Folded sim with top_k=3 + currency dedup:
  folds: 17, test window: 1458 days (3.99 years)
Traceback (most recent call last):
  File "C:\Users\yukik\fx-ai-trading\scripts\stage15_0a_mean_reversion.py", line 318, in <module>
    main()
  File "C:\Users\yukik\fx-ai-trading\scripts\stage15_0a_mean_reversion.py", line 300, in main
    pnls = _simulate_mr(pair_dfs, folds)
           ^^^^^^^^^^^^^^^^^^^^^^^^^^^^^
  File "C:\Users\yukik\fx-ai-trading\scripts\stage15_0a_mean_reversion.py", line 203, in _simulate_mr
    if open_until_ts.get(cand["pair"], pd.Timestamp.min) > ts_now:
       ^^^^^^^^^^^^^^^^^^^^^^^^^^^^^^^^^^^^^^^^^^^^^^^^^^^^^^^^^^
  File "pandas/_libs/tslibs/timestamps.pyx", line 502, in pandas._libs.tslibs.timestamps._Timestamp.__richcmp__
TypeError: Cannot compare tz-naive and tz-aware timestamps
