==============================================================================================================
Stage 20.0e - Temporal exclusion (daily-only strong signal validation)
==============================================================================================================

Building M1 features...
  M1 ready (127s, 20 pairs)

Adding triple-barrier labels + fwd stats + shape labels...
  Labels + fwd (26s)
  Using F2 multi_tf feat set: 41 features
  folds: 5

==============================================================================================================
Mode: baseline_full (exclude_hours=set())
==============================================================================================================
  fold 1 done
  fold 2 done
  fold 3 done
  fold 4 done
  fold 5 done
  WF done (183s, n_pred=7,392,285)

  [baseline_full]
  Per-class:
    C0: n=      358 share= 0.00% P(up)=0.782 E[fwd]=+6.5840 SNR=0.458 TP= 0.00% SL=100.00%
    C1: n=   15,061 share= 0.20% P(up)=0.678 E[fwd]=+2.0834 SNR=0.270 TP=16.85% SL=82.22%
    C2: n=7,365,091 share=99.63% P(up)=0.505 E[fwd]=+0.0249 SNR=0.005 TP=11.73% SL=87.95%
    C3: n=   11,639 share= 0.16% P(up)=0.364 E[fwd]=-1.3780 SNR=0.183 TP=15.80% SL=83.01%
    C4: n=      136 share= 0.00% P(up)=0.132 E[fwd]=-4.7481 SNR=0.876 TP= 7.14% SL=92.86%
  Temporal:
    n_strong=494  hour_cov=10/24  day_cov=10.7%  top_pair=23.7%  21-22UTC=96.2%
    Top hours (UTC):
      21:  58.3%
      22:  37.9%
      23:   1.2%
       7:   0.8%
       2:   0.4%
    Top pairs:
      GBP_JPY   :  23.7%
      USD_JPY   :  17.2%
      AUD_JPY   :   9.9%
      AUD_USD   :   5.3%
      EUR_USD   :   5.3%
    Day-of-week:
      Monday    :   0.6%
      Tuesday   :   3.2%
      Wednesday :   0.2%
      Thursday  :   2.8%
      Friday    :   0.2%
      Saturday  :   0.0%
      Sunday    :  92.9%

==============================================================================================================
Mode: excl_21_22 (exclude_hours={21, 22})
==============================================================================================================
  fold 1 done
  fold 2 done
  fold 3 done
  fold 4 done
  fold 5 done
  WF done (172s, n_pred=6,822,701)

  [excl_21_22]
  Per-class:
    C0: n=       16 share= 0.00% P(up)=0.562 E[fwd]=-0.0973 SNR=0.059 TP= 0.00% SL=100.00%
    C1: n=   10,419 share= 0.15% P(up)=0.496 E[fwd]=-0.2010 SNR=0.044 TP=15.04% SL=84.59%
    C2: n=6,807,566 share=99.78% P(up)=0.506 E[fwd]=+0.0288 SNR=0.006 TP=11.72% SL=87.98%
    C3: n=    4,693 share= 0.07% P(up)=0.491 E[fwd]=-0.2377 SNR=0.052 TP=21.66% SL=77.50%
    C4: n=        7 share= 0.00% P(up)=0.000 E[fwd]=-3.8467 SNR=1.345 TP= 0.00% SL=100.00%
  Temporal:
    n_strong=23  hour_cov=9/24  day_cov=2.5%  top_pair=34.8%  21-22UTC=0.0%
    Top hours (UTC):
      15:  30.4%
       8:  21.7%
       3:  13.0%
       1:  13.0%
       7:   4.3%
    Top pairs:
      USD_JPY   :  34.8%
      NZD_USD   :  30.4%
      AUD_JPY   :  13.0%
      AUD_USD   :   8.7%
      GBP_AUD   :   4.3%
    Day-of-week:
      Monday    :  47.8%
      Tuesday   :   4.3%
      Wednesday :  34.8%
      Thursday  :   8.7%
      Friday    :   4.3%
      Saturday  :   0.0%
      Sunday    :   0.0%

==============================================================================================================
Mode: excl_19_22 (exclude_hours={19, 20, 21, 22})
==============================================================================================================
  fold 1 done
  fold 2 done
  fold 3 done
  fold 4 done
  fold 5 done
  WF done (166s, n_pred=6,206,107)

  [excl_19_22]
  Per-class:
    C0: n=      127 share= 0.00% P(up)=0.331 E[fwd]=-1.6393 SNR=0.379 TP=11.11% SL=88.89%
    C1: n=    6,442 share= 0.10% P(up)=0.520 E[fwd]=+0.1080 SNR=0.025 TP=20.06% SL=79.12%
    C2: n=6,192,584 share=99.78% P(up)=0.505 E[fwd]=+0.0244 SNR=0.005 TP=11.74% SL=87.98%
    C3: n=    6,945 share= 0.11% P(up)=0.494 E[fwd]=+0.1206 SNR=0.025 TP=18.07% SL=81.12%
    C4: n=        9 share= 0.00% P(up)=0.222 E[fwd]=-1.6505 SNR=0.532 TP=100.00% SL= 0.00%
  Temporal:
    n_strong=136  hour_cov=10/24  day_cov=3.8%  top_pair=58.8%  21-22UTC=0.0%
    Top hours (UTC):
       0:  47.8%
       1:  22.8%
      11:  10.3%
       2:   5.9%
       5:   5.1%
    Top pairs:
      GBP_JPY   :  58.8%
      CHF_JPY   :  32.4%
      EUR_USD   :   2.9%
      AUD_USD   :   2.2%
      GBP_USD   :   1.5%
    Day-of-week:
      Monday    :  79.4%
      Tuesday   :   0.7%
      Wednesday :   5.9%
      Thursday  :  13.2%
      Friday    :   0.0%
      Saturday  :   0.0%
      Sunday    :   0.7%

==============================================================================================================
CROSS-MODE COMPARISON
==============================================================================================================
mode                n_C0  n_C4  C0_P(up)  C4_P(up)   C0_E[fwd]   C4_E[fwd]  hr_cov   top_p  21-22%
--------------------------------------------------------------------------------------------------------------
baseline_full        358   136     0.782     0.132     +6.5840     -4.7481    10/24   23.7%   96.2%
excl_21_22            16     7     0.562     0.000     -0.0973     -3.8467     9/24   34.8%    0.0%
excl_19_22           127     9     0.331     0.222     -1.6393     -1.6505    10/24   58.8%    0.0%
==============================================================================================================

INTERPRETATION:
  baseline_full = F2 reproduction (week-end gap dominates)
  excl_21_22    = drop bars at 21-22 UTC from train+test
  excl_19_22    = drop 4-hour buffer including forward-window overlap

  IF C0/C4 P(up) maintained (≈ 0.6+) AND E[fwd] strong AND hr_cov > 5: 
  → daily strong M1 trends EXIST (signal not just gap-driven)
  IF P(up) collapses to ~0.5 OR n_strong drops to 0: 
  → strong signals were ENTIRELY gap-driven, no daily M1 trend signal
