====================================================================================================
Stage 20.0b - Temporal distribution of predicted strong signals (C0+C4)
====================================================================================================

Building M1 features...
  M1 ready (130s, 20 pairs)

Adding triple-barrier + shape labels + fwd stats...
  Labels added (25s)
  folds: 5

Walk-forward training & predicting...
  fold 1: trained, predicted
  fold 2: trained, predicted
  fold 3: trained, predicted
  fold 4: trained, predicted
  fold 5: trained, predicted

====================================================================================================
TEMPORAL ANALYSIS
====================================================================================================

  Total predicted strong signals: n=284 (C0=176, C4=108)
  Test span: 2025-05-15 → 2026-04-26 (346 days, 0.95 years)
  Rate: 299.8 per year, 0.82 per day

  Per-pair count (top 10):
    USD_JPY   :  129 ( 45.4%)
    EUR_JPY   :   30 ( 10.6%)
    AUD_JPY   :   20 (  7.0%)
    AUD_USD   :   19 (  6.7%)
    GBP_JPY   :   18 (  6.3%)
    GBP_USD   :   14 (  4.9%)
    EUR_USD   :   12 (  4.2%)
    USD_CAD   :   10 (  3.5%)
    USD_CHF   :    9 (  3.2%)
    NZD_USD   :    8 (  2.8%)
  Pair concentration: top 3 share = 63.0%

  Per-month event count distribution:
    Total months in span: 12
    Mean events/month: 23.7
    Median events/month: 21.0
    Min/Max events/month: 2/51
    Months with 0 events: 0
    Top 5 months: {'2026-04': 51, '2026-01': 39, '2026-03': 39, '2025-07': 34, '2025-05': 29}

  Day-of-week distribution:
    Monday    :   18 (  6.3%)
    Tuesday   :   29 ( 10.2%)
    Wednesday :   28 (  9.9%)
    Thursday  :   22 (  7.7%)
    Friday    :    0 (  0.0%)
    Saturday  :    0 (  0.0%)
    Sunday    :  187 ( 65.8%)

  Hour-of-day (UTC) distribution:
     hr  count    pct
      0      0   0.0% 
      1      0   0.0% 
      2      0   0.0% 
      3      0   0.0% 
      4      0   0.0% 
      5      0   0.0% 
      6      0   0.0% 
      7      0   0.0% 
      8      0   0.0% 
      9      0   0.0% 
     10      0   0.0% 
     11      0   0.0% 
     12      0   0.0% 
     13      0   0.0% 
     14      0   0.0% 
     15      0   0.0% 
     16      0   0.0% 
     17      0   0.0% 
     18      0   0.0% 
     19      0   0.0% 
     20      0   0.0% 
     21    182  64.1% #########################
     22    102  35.9% ##############
     23      0   0.0% 

  Events per day distribution:
    Mean events/day: 4.24
    Median events/day: 2
    Min/Max events/day: 1/32
    Days with ≥1 event: 67
    Estimated total span days: 346
    → Days WITHOUT any event: ~279
    → Coverage: 19.4% of days have ≥1 event

  Inter-event time gap (between consecutive predicted strong signals):
    Mean gap: 29.34 hours
    Median gap: 0.02 hours
    25th pct gap: 0.02 hours
    75th pct gap: 0.42 hours
    Max gap: 840 hours (35.0 days)

  Top 10 days by event count (clustering check):
    2026-01-18: 32 events, pairs={'EUR_JPY': 14, 'AUD_JPY': 8, 'GBP_JPY': 7, 'EUR_CHF': 2, 'GBP_CHF': 1}
    2026-04-19: 20 events, pairs={'EUR_USD': 6, 'EUR_CHF': 5, 'AUD_JPY': 4, 'USD_JPY': 4, 'USD_CAD': 1}
    2026-04-12: 18 events, pairs={'USD_JPY': 9, 'EUR_JPY': 6, 'AUD_JPY': 2, 'GBP_USD': 1}
    2025-05-18: 13 events, pairs={'USD_JPY': 12, 'AUD_JPY': 1}
    2025-07-13: 13 events, pairs={'USD_JPY': 11, 'AUD_USD': 2}
    2026-02-01: 11 events, pairs={'USD_JPY': 11}
    2025-07-15: 11 events, pairs={'USD_JPY': 11}
    2025-11-09: 11 events, pairs={'AUD_USD': 11}
    2026-03-22: 11 events, pairs={'EUR_JPY': 5, 'EUR_USD': 5, 'GBP_USD': 1}
    2026-04-26: 8 events, pairs={'GBP_USD': 7, 'NZD_USD': 1}

  Raw events saved: artifacts\stage20_0b_strong_events.csv
