==============================================================================================================
Stage 21.0a - M5 baseline B.2 classifier-quality eval
==============================================================================================================

Building M5 features...
  Loading M1 + aggregating to M5 for 20 pairs...
  M5 features ready (113s, 20 pairs)

Adding triple-barrier labels (HORIZON=8 M5 bars = 40 min)...
  Labels added (5s)

Adding forward stats + shape labels...
  Fwd + shape ready (1s)

  Feat cols: base 17 + multi_tf 24 = 41 total
  Multi-TF prefixes: ['m15', 'h1', 'h4_full']

  M5 spread/ATR diagnostic (EUR_USD sample):
    median ATR_M5: 3.17 pip
    median spread: 1.60 pip
    spread/ATR ratio: 50.5% (M1 was 25%)

  folds: 5

Walk-forward training & predicting...
  fold 1 done
  fold 2 done
  fold 3 done
  fold 4 done
  fold 5 done
  WF done (103s, n_pred=1,490,797)

==============================================================================================================
PER-CLASS BREAKDOWN
==============================================================================================================
  C0 strong_up  : n=  870,177 share=58.37% P(up)=0.518 E[fwd/ATR]=+0.0600 SNR=0.028
                    avg_fwd= +0.19p  avg_atr= 4.34p  TP=13.54% SL=77.39%
  C1 weak_up    : n=   13,784 share= 0.92% P(up)=0.563 E[fwd/ATR]=+0.1866 SNR=0.113
                    avg_fwd= +0.74p  avg_atr= 5.94p  TP=13.10% SL=65.47%
  C2 range      : n=   53,113 share= 3.56% P(up)=0.504 E[fwd/ATR]=-0.0068 SNR=0.003
                    avg_fwd= -0.01p  avg_atr= 5.00p  TP= 8.52% SL=71.08%
  C3 weak_dn    : n=   15,406 share= 1.03% P(up)=0.456 E[fwd/ATR]=-0.1646 SNR=0.087
                    avg_fwd= -0.64p  avg_atr= 5.60p  TP=12.35% SL=71.96%
  C4 strong_dn  : n=  538,317 share=36.11% P(up)=0.485 E[fwd/ATR]=-0.0624 SNR=0.028
                    avg_fwd= -0.16p  avg_atr= 4.25p  TP=13.07% SL=78.05%

==============================================================================================================
CLASSIFIER QUALITY METRICS
==============================================================================================================
  Effect sizes (max-min spread across classes):
    ΔP(up)        : 0.1077
    ΔE[fwd/ATR]   : +0.3512
    Δavg_fwd_pip  : +1.38
    ΔTP%          : 5.02%
    ΔSL%          : 12.58%

  Temporal distribution (predicted strong = C0+C4):
    n_strong       : 1,408,494
    daily share    : 94.1%  (n_strong_daily=1,325,390)
    hour coverage  : 24/24
    day coverage   : 86.3%
    top pair share : 5.2%
    21-22 UTC share: 5.9%

==============================================================================================================
VERDICT (vs M1 F2 multi_tf baseline)
==============================================================================================================
  M1 F2: ΔP(up)=0.65, n_C0=358, weekend_share=96%, top_pair=23.7%
  M5   : ΔP(up)=0.11, n_C0=870,177, weekend_share=6%, top_pair=5.2%

  ✗ GO criteria NOT met (issues):
    ΔP(up) > 0.30           : 0.1077    [✗]
    daily_share > 30%       : 94.1% [✓]
    top_pair < 50%          : 5.2% [✓]

  → M5 も同質の構造的問題. M15 へスケールアップ検討.
