==============================================================================================================
Stage 21.0b - M1 short-horizon (forward 5-bar) classifier-quality
==============================================================================================================

Building M1 features...
  M1 ready (129s, 20 pairs)

Adding triple-barrier labels (HORIZON=5)...
  Labels + fwd (18s)

  TRUE label_shape distribution:
    C0 strong_up  :  3,761,243 (25.67%)
    C1 weak_up    :  2,186,489 (14.93%)
    C2 range      :  2,851,808 (19.47%)
    C3 weak_dn    :  2,169,045 (14.81%)
    C4 strong_dn  :  3,681,182 (25.13%)
  Targeting C0~6%, C2~30-40% (M1 baseline distribution)

  Feat cols: F2 multi_tf 41 total

Walk-forward predict...
  fold 1 done
  fold 2 done
  fold 3 done
  fold 4 done
  fold 5 done
  WF done (163s, n=7,392,985)

==============================================================================================================
PER-CLASS BREAKDOWN
==============================================================================================================
  C0 strong_up  : n=4,333,952 share=58.62% P(up)=0.511 E[fwd/ATR]=+0.0463 SNR=0.026
                    avg_fwd= +0.08p  avg_atr= 1.87p
  C1 weak_up    : n=    2,662 share= 0.04% P(up)=0.525 E[fwd/ATR]=+0.0684 SNR=0.040
                    avg_fwd= +0.14p  avg_atr= 4.46p
  C2 range      : n=   38,421 share= 0.52% P(up)=0.491 E[fwd/ATR]=-0.0129 SNR=0.007
                    avg_fwd= -0.00p  avg_atr= 2.48p
  C3 weak_dn    : n=    1,504 share= 0.02% P(up)=0.484 E[fwd/ATR]=-0.1063 SNR=0.056
                    avg_fwd= -0.52p  avg_atr= 4.81p
  C4 strong_dn  : n=3,016,446 share=40.80% P(up)=0.479 E[fwd/ATR]=-0.0573 SNR=0.032
                    avg_fwd= -0.09p  avg_atr= 1.89p

==============================================================================================================
CLASSIFIER QUALITY METRICS
==============================================================================================================
  ΔP(up)        : 0.0457
  ΔE[fwd/ATR]   : +0.1747
  Δavg_fwd_pip  : +0.66

  Temporal:
    n_strong       : 7,350,398 (daily=6,802,804, share=92.6%)
    hour coverage  : 24/24
    top pair       : 5.0%
    21-22 UTC share: 7.4%

==============================================================================================================
VERDICT
==============================================================================================================
  Reference (M1 40-bar F2): ΔP(up)=0.65 weekend=96% top_pair=23.7%
  M1 5-bar (this stage)   : ΔP(up)=0.05 weekend=7% top_pair=5.0%

    ΔP(up) > 0.30           : 0.0457    [✗]
    daily_share > 30%       : 92.6% [✓]
    top_pair < 50%          : 5.0% [✓]

  ✗ M1 short-horizon NO-GO — 短期 horizon でも信号取れず
