================================================================================
Stage 16.1 - H1 Low-vol regime MR strategy
  Filter: atr_ratio < 0.7 (vol below 70% of recent 100-bar mean)
  Setup: BB extreme + range-bound MR
  TP=0.5/SL=0.5, H=4 hours
================================================================================
  loaded 20 pairs

Detecting low-vol MR signals + computing labels...
  total low-vol bars: 52,673
  total MR signals (low-vol + BB extreme): 16,788 (0.3s)

Standalone hit rate (low-vol bars only):
  total signals: 16,788
  TP: 7,867 (46.9%)
  SL: 8,882 (52.9%)
  TO: 39 (0.2%)

Folded sim with top_k=3 + dedup:
  folds: 17, test window: 1458 days

====================================================================================================
Stage 16.1 — Low-vol regime MR
====================================================================================================
  Sharpe=-6.1959  hit= 45.6%  n=5,045 (1264/yr, 3.46/day)  PnL=-14278.6

  Reference: B Rule (M1+H1 conf=0.40):
    Sharpe +0.082, hit 44.7%, n=141 (0.39/day), PnL +180
====================================================================================================
